Component: ARM Compiler 5.06 update 7 (build 960) Tool: armlink [4d3601]

==============================================================================

Section Cross References

    gd32f4xx_it.o(i.SysTick_Handler) refers to systick.o(i.delay_decrement) for delay_decrement
    main.o(i.main) refers to systick.o(i.systick_config) for systick_config
    main.o(i.main) refers to driver_debug.o(i.Debug_Init) for Debug_Init
    main.o(i.main) refers to led.o(i.LED_Init) for LED_Init
    main.o(i.main) refers to key.o(i.KEY_Init) for KEY_Init
    main.o(i.main) refers to printf8.o(i.__0printf$8) for __2printf
    main.o(i.main) refers to exmc_sdram.o(i.exmc_synchronous_dynamic_ram_init) for exmc_synchronous_dynamic_ram_init
    main.o(i.main) refers to lcd.o(i.LCD_Init) for LCD_Init
    main.o(i.main) refers to lcd.o(i.LCD_Clear) for LCD_Clear
    main.o(i.main) refers to lcd.o(i.LCD_ShowString) for LCD_ShowString
    main.o(i.main) refers to touch.o(i.GT1151_Init) for GT1151_Init
    main.o(i.main) refers to touch.o(i.GT1151_Scan) for GT1151_Scan
    main.o(i.main) refers to lcd.o(i.LTDC_Draw_Point) for LTDC_Draw_Point
    main.o(i.main) refers to systick.o(i.delay_1ms) for delay_1ms
    main.o(i.main) refers to main.o(.data) for POINT
    main.o(i.main) refers to lcd.o(.data) for POINT_COLOR
    main.o(i.main) refers to touch.o(.bss) for tp_dev
    systick.o(i.delay_1ms) refers to systick.o(.data) for delay
    systick.o(i.delay_decrement) refers to systick.o(.data) for delay
    systick.o(i.systick_config) refers to systick.o(i.NVIC_SetPriority) for NVIC_SetPriority
    systick.o(i.systick_config) refers to system_gd32f4xx.o(.data) for SystemCoreClock
    gd32f4xx_gpio.o(i.gpio_deinit) refers to gd32f4xx_rcu.o(i.rcu_periph_reset_enable) for rcu_periph_reset_enable
    gd32f4xx_gpio.o(i.gpio_deinit) refers to gd32f4xx_rcu.o(i.rcu_periph_reset_disable) for rcu_periph_reset_disable
    gd32f4xx_rcu.o(i.rcu_deinit) refers to gd32f4xx_rcu.o(i.rcu_osci_stab_wait) for rcu_osci_stab_wait
    gd32f4xx_rcu.o(i.rcu_osci_stab_wait) refers to gd32f4xx_rcu.o(i.rcu_flag_get) for rcu_flag_get
    gd32f4xx_usart.o(i.usart_baudrate_set) refers to gd32f4xx_rcu.o(i.rcu_clock_freq_get) for rcu_clock_freq_get
    gd32f4xx_usart.o(i.usart_deinit) refers to gd32f4xx_rcu.o(i.rcu_periph_reset_enable) for rcu_periph_reset_enable
    gd32f4xx_usart.o(i.usart_deinit) refers to gd32f4xx_rcu.o(i.rcu_periph_reset_disable) for rcu_periph_reset_disable
    gd32f4xx_timer.o(i.timer_deinit) refers to gd32f4xx_rcu.o(i.rcu_periph_reset_enable) for rcu_periph_reset_enable
    gd32f4xx_timer.o(i.timer_deinit) refers to gd32f4xx_rcu.o(i.rcu_periph_reset_disable) for rcu_periph_reset_disable
    gd32f4xx_timer.o(i.timer_external_clock_mode0_config) refers to gd32f4xx_timer.o(i.timer_external_trigger_config) for timer_external_trigger_config
    gd32f4xx_timer.o(i.timer_external_clock_mode1_config) refers to gd32f4xx_timer.o(i.timer_external_trigger_config) for timer_external_trigger_config
    gd32f4xx_timer.o(i.timer_external_trigger_as_external_clock_config) refers to gd32f4xx_timer.o(i.timer_input_trigger_source_select) for timer_input_trigger_source_select
    gd32f4xx_timer.o(i.timer_input_capture_config) refers to gd32f4xx_timer.o(i.timer_channel_input_capture_prescaler_config) for timer_channel_input_capture_prescaler_config
    gd32f4xx_timer.o(i.timer_input_pwm_capture_config) refers to gd32f4xx_timer.o(i.timer_channel_input_capture_prescaler_config) for timer_channel_input_capture_prescaler_config
    gd32f4xx_timer.o(i.timer_internal_trigger_as_external_clock_config) refers to gd32f4xx_timer.o(i.timer_input_trigger_source_select) for timer_input_trigger_source_select
    gd32f4xx_adc.o(i.adc_deinit) refers to gd32f4xx_rcu.o(i.rcu_periph_reset_enable) for rcu_periph_reset_enable
    gd32f4xx_adc.o(i.adc_deinit) refers to gd32f4xx_rcu.o(i.rcu_periph_reset_disable) for rcu_periph_reset_disable
    gd32f4xx_i2c.o(i.i2c_clock_config) refers to gd32f4xx_rcu.o(i.rcu_clock_freq_get) for rcu_clock_freq_get
    gd32f4xx_i2c.o(i.i2c_deinit) refers to gd32f4xx_rcu.o(i.rcu_periph_reset_enable) for rcu_periph_reset_enable
    gd32f4xx_i2c.o(i.i2c_deinit) refers to gd32f4xx_rcu.o(i.rcu_periph_reset_disable) for rcu_periph_reset_disable
    gd32f4xx_spi.o(i.i2s_psc_config) refers to gd32f4xx_rcu.o(i.rcu_osci_on) for rcu_osci_on
    gd32f4xx_spi.o(i.i2s_psc_config) refers to gd32f4xx_rcu.o(i.rcu_osci_stab_wait) for rcu_osci_stab_wait
    gd32f4xx_spi.o(i.i2s_psc_config) refers to gd32f4xx_rcu.o(i.rcu_i2s_clock_config) for rcu_i2s_clock_config
    gd32f4xx_spi.o(i.spi_i2s_deinit) refers to gd32f4xx_rcu.o(i.rcu_periph_reset_enable) for rcu_periph_reset_enable
    gd32f4xx_spi.o(i.spi_i2s_deinit) refers to gd32f4xx_rcu.o(i.rcu_periph_reset_disable) for rcu_periph_reset_disable
    gd32f4xx_misc.o(i.nvic_irq_enable) refers to gd32f4xx_misc.o(i.nvic_priority_group_set) for nvic_priority_group_set
[...]
    Removing gd32f4xx_i2c.o(i.i2c_smbus_type_config), (24 bytes).
    Removing gd32f4xx_i2c.o(i.i2c_software_reset_config), (16 bytes).
    Removing gd32f4xx_i2c.o(i.i2c_start_on_bus), (10 bytes).
    Removing gd32f4xx_i2c.o(i.i2c_stop_on_bus), (10 bytes).
    Removing gd32f4xx_i2c.o(i.i2c_stretch_scl_low_config), (16 bytes).
    Removing gd32f4xx_spi.o(.rev16_text), (4 bytes).
    Removing gd32f4xx_spi.o(.revsh_text), (4 bytes).
    Removing gd32f4xx_spi.o(i.i2s_disable), (10 bytes).
    Removing gd32f4xx_spi.o(i.i2s_enable), (10 bytes).
    Removing gd32f4xx_spi.o(i.i2s_full_duplex_mode_config), (48 bytes).
    Removing gd32f4xx_spi.o(i.i2s_init), (28 bytes).
    Removing gd32f4xx_spi.o(i.i2s_psc_config), (292 bytes).
    Removing gd32f4xx_spi.o(i.qspi_disable), (14 bytes).
    Removing gd32f4xx_spi.o(i.qspi_enable), (14 bytes).
    Removing gd32f4xx_spi.o(i.qspi_io23_output_disable), (14 bytes).
    Removing gd32f4xx_spi.o(i.qspi_io23_output_enable), (14 bytes).
    Removing gd32f4xx_spi.o(i.qspi_read_enable), (14 bytes).
    Removing gd32f4xx_spi.o(i.qspi_write_enable), (14 bytes).
    Removing gd32f4xx_spi.o(i.spi_bidirectional_transfer_config), (26 bytes).
    Removing gd32f4xx_spi.o(i.spi_crc_error_clear), (10 bytes).
    Removing gd32f4xx_spi.o(i.spi_crc_get), (16 bytes).
    Removing gd32f4xx_spi.o(i.spi_crc_next), (10 bytes).
    Removing gd32f4xx_spi.o(i.spi_crc_off), (10 bytes).
    Removing gd32f4xx_spi.o(i.spi_crc_on), (10 bytes).
    Removing gd32f4xx_spi.o(i.spi_crc_polynomial_get), (8 bytes).
    Removing gd32f4xx_spi.o(i.spi_crc_polynomial_set), (4 bytes).
    Removing gd32f4xx_spi.o(i.spi_disable), (10 bytes).
    Removing gd32f4xx_spi.o(i.spi_dma_disable), (22 bytes).
    Removing gd32f4xx_spi.o(i.spi_dma_enable), (22 bytes).
    Removing gd32f4xx_spi.o(i.spi_enable), (10 bytes).
    Removing gd32f4xx_spi.o(i.spi_i2s_data_frame_format_config), (16 bytes).
    Removing gd32f4xx_spi.o(i.spi_i2s_data_receive), (8 bytes).
    Removing gd32f4xx_spi.o(i.spi_i2s_data_transmit), (4 bytes).
    Removing gd32f4xx_spi.o(i.spi_i2s_deinit), (172 bytes).
    Removing gd32f4xx_spi.o(i.spi_i2s_flag_get), (16 bytes).
    Removing gd32f4xx_spi.o(i.spi_i2s_interrupt_disable), (48 bytes).
    Removing gd32f4xx_spi.o(i.spi_i2s_interrupt_enable), (48 bytes).
    Removing gd32f4xx_spi.o(i.spi_i2s_interrupt_flag_get), (112 bytes).
    Removing gd32f4xx_spi.o(i.spi_init), (50 bytes).
    Removing gd32f4xx_spi.o(i.spi_nss_internal_high), (10 bytes).
    Removing gd32f4xx_spi.o(i.spi_nss_internal_low), (10 bytes).
    Removing gd32f4xx_spi.o(i.spi_nss_output_disable), (10 bytes).
    Removing gd32f4xx_spi.o(i.spi_nss_output_enable), (10 bytes).
    Removing gd32f4xx_spi.o(i.spi_struct_para_init), (18 bytes).
    Removing gd32f4xx_spi.o(i.spi_ti_mode_disable), (10 bytes).
    Removing gd32f4xx_spi.o(i.spi_ti_mode_enable), (10 bytes).
    Removing gd32f4xx_exti.o(.rev16_text), (4 bytes).
    Removing gd32f4xx_exti.o(.revsh_text), (4 bytes).
    Removing gd32f4xx_exti.o(i.exti_deinit), (28 bytes).
    Removing gd32f4xx_exti.o(i.exti_event_disable), (16 bytes).
    Removing gd32f4xx_exti.o(i.exti_event_enable), (16 bytes).
    Removing gd32f4xx_exti.o(i.exti_flag_clear), (12 bytes).
    Removing gd32f4xx_exti.o(i.exti_flag_get), (24 bytes).
    Removing gd32f4xx_exti.o(i.exti_interrupt_disable), (16 bytes).
    Removing gd32f4xx_exti.o(i.exti_software_interrupt_disable), (16 bytes).
    Removing gd32f4xx_exti.o(i.exti_software_interrupt_enable), (16 bytes).
    Removing gd32f4xx_crc.o(.rev16_text), (4 bytes).
    Removing gd32f4xx_crc.o(.revsh_text), (4 bytes).
    Removing gd32f4xx_crc.o(i.crc_block_data_calculate), (36 bytes).
    Removing gd32f4xx_crc.o(i.crc_data_register_read), (12 bytes).
    Removing gd32f4xx_crc.o(i.crc_data_register_reset), (20 bytes).
    Removing gd32f4xx_crc.o(i.crc_deinit), (24 bytes).
    Removing gd32f4xx_crc.o(i.crc_free_data_register_read), (12 bytes).
    Removing gd32f4xx_crc.o(i.crc_free_data_register_write), (12 bytes).
    Removing gd32f4xx_crc.o(i.crc_single_data_calculate), (16 bytes).
    Removing gd32f4xx_misc.o(.rev16_text), (4 bytes).
    Removing gd32f4xx_misc.o(.revsh_text), (4 bytes).
    Removing gd32f4xx_misc.o(i.nvic_irq_disable), (24 bytes).
    Removing gd32f4xx_misc.o(i.nvic_vector_table_set), (24 bytes).
    Removing gd32f4xx_misc.o(i.system_lowpower_reset), (16 bytes).
    Removing gd32f4xx_misc.o(i.system_lowpower_set), (16 bytes).
    Removing gd32f4xx_misc.o(i.systick_clksource_set), (40 bytes).
    Removing gd32f4xx_dac.o(.rev16_text), (4 bytes).
    Removing gd32f4xx_dac.o(.revsh_text), (4 bytes).
    Removing gd32f4xx_dac.o(i.dac_concurrent_data_set), (64 bytes).
    Removing gd32f4xx_dac.o(i.dac_concurrent_disable), (24 bytes).
    Removing gd32f4xx_dac.o(i.dac_concurrent_enable), (24 bytes).
    Removing gd32f4xx_dac.o(i.dac_concurrent_interrupt_disable), (24 bytes).
    Removing gd32f4xx_dac.o(i.dac_concurrent_interrupt_enable), (24 bytes).
    Removing gd32f4xx_dac.o(i.dac_concurrent_output_buffer_disable), (24 bytes).
    Removing gd32f4xx_dac.o(i.dac_concurrent_output_buffer_enable), (24 bytes).
    Removing gd32f4xx_dac.o(i.dac_concurrent_software_trigger_disable), (20 bytes).
    Removing gd32f4xx_dac.o(i.dac_concurrent_software_trigger_enable), (20 bytes).
    Removing gd32f4xx_dac.o(i.dac_data_set), (88 bytes).
    Removing gd32f4xx_dac.o(i.dac_deinit), (20 bytes).
    Removing gd32f4xx_dac.o(i.dac_disable), (36 bytes).
    Removing gd32f4xx_dac.o(i.dac_dma_disable), (36 bytes).
    Removing gd32f4xx_dac.o(i.dac_dma_enable), (36 bytes).
    Removing gd32f4xx_dac.o(i.dac_enable), (36 bytes).
    Removing gd32f4xx_dac.o(i.dac_flag_clear), (36 bytes).
    Removing gd32f4xx_dac.o(i.dac_flag_get), (40 bytes).
    Removing gd32f4xx_dac.o(i.dac_interrupt_disable), (36 bytes).
    Removing gd32f4xx_dac.o(i.dac_interrupt_enable), (36 bytes).
    Removing gd32f4xx_dac.o(i.dac_interrupt_flag_clear), (36 bytes).
    Removing gd32f4xx_dac.o(i.dac_interrupt_flag_get), (68 bytes).
    Removing gd32f4xx_dac.o(i.dac_lfsr_noise_config), (52 bytes).
    Removing gd32f4xx_dac.o(i.dac_output_buffer_disable), (36 bytes).
    Removing gd32f4xx_dac.o(i.dac_output_buffer_enable), (36 bytes).
    Removing gd32f4xx_dac.o(i.dac_output_value_get), (28 bytes).
    Removing gd32f4xx_dac.o(i.dac_software_trigger_disable), (36 bytes).
    Removing gd32f4xx_dac.o(i.dac_software_trigger_enable), (36 bytes).
    Removing gd32f4xx_dac.o(i.dac_triangle_noise_config), (52 bytes).
    Removing gd32f4xx_dac.o(i.dac_trigger_disable), (36 bytes).
    Removing gd32f4xx_dac.o(i.dac_trigger_enable), (36 bytes).
    Removing gd32f4xx_dac.o(i.dac_trigger_source_config), (52 bytes).
    Removing gd32f4xx_dac.o(i.dac_wave_bit_width_config), (52 bytes).
    Removing gd32f4xx_dac.o(i.dac_wave_mode_config), (52 bytes).
    Removing gd32f4xx_exmc.o(.rev16_text), (4 bytes).
    Removing gd32f4xx_exmc.o(.revsh_text), (4 bytes).
    Removing gd32f4xx_exmc.o(i.exmc_ecc_get), (12 bytes).
    Removing gd32f4xx_exmc.o(i.exmc_flag_clear), (52 bytes).
    Removing gd32f4xx_exmc.o(i.exmc_interrupt_disable), (56 bytes).
    Removing gd32f4xx_exmc.o(i.exmc_interrupt_enable), (56 bytes).
    Removing gd32f4xx_exmc.o(i.exmc_interrupt_flag_clear), (56 bytes).
    Removing gd32f4xx_exmc.o(i.exmc_interrupt_flag_get), (72 bytes).
    Removing gd32f4xx_exmc.o(i.exmc_nand_deinit), (42 bytes).
    Removing gd32f4xx_exmc.o(i.exmc_nand_disable), (22 bytes).
    Removing gd32f4xx_exmc.o(i.exmc_nand_ecc_config), (48 bytes).
    Removing gd32f4xx_exmc.o(i.exmc_nand_enable), (22 bytes).
    Removing gd32f4xx_exmc.o(i.exmc_nand_init), (172 bytes).
    Removing gd32f4xx_exmc.o(i.exmc_nand_struct_para_init), (54 bytes).
    Removing gd32f4xx_exmc.o(i.exmc_norsram_consecutive_clock_config), (42 bytes).
    Removing gd32f4xx_exmc.o(i.exmc_norsram_deinit), (36 bytes).
    Removing gd32f4xx_exmc.o(i.exmc_norsram_disable), (22 bytes).
    Removing gd32f4xx_exmc.o(i.exmc_norsram_enable), (22 bytes).
    Removing gd32f4xx_exmc.o(i.exmc_norsram_init), (228 bytes).
    Removing gd32f4xx_exmc.o(i.exmc_norsram_page_size_config), (40 bytes).
    Removing gd32f4xx_exmc.o(i.exmc_norsram_struct_para_init), (106 bytes).
    Removing gd32f4xx_exmc.o(i.exmc_pccard_deinit), (36 bytes).
    Removing gd32f4xx_exmc.o(i.exmc_pccard_disable), (24 bytes).
    Removing gd32f4xx_exmc.o(i.exmc_pccard_enable), (24 bytes).
    Removing gd32f4xx_exmc.o(i.exmc_pccard_init), (188 bytes).
    Removing gd32f4xx_exmc.o(i.exmc_pccard_struct_para_init), (60 bytes).
    Removing gd32f4xx_exmc.o(i.exmc_sdram_autorefresh_number_set), (32 bytes).
    Removing gd32f4xx_exmc.o(i.exmc_sdram_bankstatus_get), (32 bytes).
    Removing gd32f4xx_exmc.o(i.exmc_sdram_deinit), (56 bytes).
    Removing gd32f4xx_exmc.o(i.exmc_sdram_readsample_config), (32 bytes).
    Removing gd32f4xx_exmc.o(i.exmc_sdram_readsample_enable), (44 bytes).
    Removing gd32f4xx_exmc.o(i.exmc_sdram_struct_para_init), (66 bytes).
    Removing gd32f4xx_exmc.o(i.exmc_sdram_write_protection_config), (64 bytes).
    Removing gd32f4xx_exmc.o(i.exmc_sqpipsram_deinit), (44 bytes).
    Removing gd32f4xx_exmc.o(i.exmc_sqpipsram_high_id_get), (12 bytes).
    Removing gd32f4xx_exmc.o(i.exmc_sqpipsram_init), (24 bytes).
    Removing gd32f4xx_exmc.o(i.exmc_sqpipsram_low_id_get), (12 bytes).
    Removing gd32f4xx_exmc.o(i.exmc_sqpipsram_read_command_set), (28 bytes).
    Removing gd32f4xx_exmc.o(i.exmc_sqpipsram_read_id_command_send), (24 bytes).
    Removing gd32f4xx_exmc.o(i.exmc_sqpipsram_send_command_state_get), (48 bytes).
    Removing gd32f4xx_exmc.o(i.exmc_sqpipsram_struct_para_init), (20 bytes).
    Removing gd32f4xx_exmc.o(i.exmc_sqpipsram_write_cmd_send), (24 bytes).
    Removing gd32f4xx_exmc.o(i.exmc_sqpipsram_write_command_set), (28 bytes).
    Removing gd32f4xx_tli.o(.rev16_text), (4 bytes).
    Removing gd32f4xx_tli.o(.revsh_text), (4 bytes).
    Removing gd32f4xx_tli.o(i.tli_color_key_disable), (14 bytes).
    Removing gd32f4xx_tli.o(i.tli_color_key_enable), (14 bytes).
    Removing gd32f4xx_tli.o(i.tli_color_key_init), (16 bytes).
    Removing gd32f4xx_tli.o(i.tli_current_pos_get), (12 bytes).
    Removing gd32f4xx_tli.o(i.tli_deinit), (20 bytes).
    Removing gd32f4xx_tli.o(i.tli_disable), (20 bytes).
    Removing gd32f4xx_tli.o(i.tli_flag_get), (36 bytes).
    Removing gd32f4xx_tli.o(i.tli_interrupt_disable), (16 bytes).
    Removing gd32f4xx_tli.o(i.tli_interrupt_enable), (16 bytes).
    Removing gd32f4xx_tli.o(i.tli_interrupt_flag_clear), (16 bytes).
    Removing gd32f4xx_tli.o(i.tli_interrupt_flag_get), (36 bytes).
    Removing gd32f4xx_tli.o(i.tli_layer_window_offset_modify), (228 bytes).
    Removing gd32f4xx_tli.o(i.tli_line_mark_set), (24 bytes).
    Removing gd32f4xx_tli.o(i.tli_lut_disable), (14 bytes).
    Removing gd32f4xx_tli.o(i.tli_lut_enable), (14 bytes).
    Removing gd32f4xx_tli.o(i.tli_lut_init), (28 bytes).
    Removing gd32f4xx_tli.o(i.tli_lut_struct_para_init), (12 bytes).
    Removing gd32f4xx_dma.o(.rev16_text), (4 bytes).
    Removing gd32f4xx_dma.o(.revsh_text), (4 bytes).
    Removing gd32f4xx_dma.o(i.dma_channel_disable), (32 bytes).
    Removing gd32f4xx_dma.o(i.dma_channel_enable), (32 bytes).
    Removing gd32f4xx_dma.o(i.dma_channel_subperipheral_select), (38 bytes).
    Removing gd32f4xx_dma.o(i.dma_circulation_disable), (32 bytes).
    Removing gd32f4xx_dma.o(i.dma_circulation_enable), (32 bytes).
    Removing gd32f4xx_dma.o(i.dma_deinit), (164 bytes).
    Removing gd32f4xx_dma.o(i.dma_fifo_status_get), (20 bytes).
    Removing gd32f4xx_dma.o(i.dma_flag_clear), (62 bytes).
    Removing gd32f4xx_dma.o(i.dma_flag_get), (76 bytes).
    Removing gd32f4xx_dma.o(i.dma_flow_controller_config), (64 bytes).
    Removing gd32f4xx_dma.o(i.dma_interrupt_disable), (62 bytes).
    Removing gd32f4xx_dma.o(i.dma_interrupt_enable), (62 bytes).
    Removing gd32f4xx_dma.o(i.dma_memory_address_config), (32 bytes).
    Removing gd32f4xx_dma.o(i.dma_memory_address_generation_config), (64 bytes).
    Removing gd32f4xx_dma.o(i.dma_memory_burst_beats_config), (36 bytes).
    Removing gd32f4xx_dma.o(i.dma_memory_width_config), (36 bytes).
    Removing gd32f4xx_dma.o(i.dma_multi_data_mode_init), (356 bytes).
    Removing gd32f4xx_dma.o(i.dma_multi_data_para_struct_init), (40 bytes).
    Removing gd32f4xx_dma.o(i.dma_periph_address_config), (16 bytes).
    Removing gd32f4xx_dma.o(i.dma_periph_burst_beats_config), (36 bytes).
    Removing gd32f4xx_dma.o(i.dma_periph_width_config), (36 bytes).
    Removing gd32f4xx_dma.o(i.dma_peripheral_address_generation_config), (126 bytes).
    Removing gd32f4xx_dma.o(i.dma_priority_config), (36 bytes).
    Removing gd32f4xx_dma.o(i.dma_single_data_mode_init), (344 bytes).
    Removing gd32f4xx_dma.o(i.dma_single_data_para_struct_init), (34 bytes).
    Removing gd32f4xx_dma.o(i.dma_switch_buffer_mode_config), (76 bytes).
    Removing gd32f4xx_dma.o(i.dma_switch_buffer_mode_enable), (66 bytes).
    Removing gd32f4xx_dma.o(i.dma_transfer_direction_config), (36 bytes).
    Removing gd32f4xx_dma.o(i.dma_transfer_number_config), (16 bytes).
    Removing gd32f4xx_dma.o(i.dma_transfer_number_get), (16 bytes).
    Removing gd32f4xx_dma.o(i.dma_using_memory_get), (28 bytes).
    Removing gd32f4xx_syscfg.o(.rev16_text), (4 bytes).
    Removing gd32f4xx_syscfg.o(.revsh_text), (4 bytes).
    Removing gd32f4xx_syscfg.o(i.syscfg_bootmode_config), (28 bytes).
    Removing gd32f4xx_syscfg.o(i.syscfg_compensation_config), (24 bytes).
    Removing gd32f4xx_syscfg.o(i.syscfg_deinit), (20 bytes).
    Removing gd32f4xx_syscfg.o(i.syscfg_enet_phy_interface_config), (24 bytes).
    Removing gd32f4xx_syscfg.o(i.syscfg_exmc_swap_config), (24 bytes).
    Removing gd32f4xx_syscfg.o(i.syscfg_flag_get), (24 bytes).
    Removing gd32f4xx_syscfg.o(i.syscfg_fmc_swap_config), (24 bytes).
    Removing system_gd32f4xx.o(.rev16_text), (4 bytes).
    Removing system_gd32f4xx.o(.revsh_text), (4 bytes).
    Removing system_gd32f4xx.o(i.SystemCoreClockUpdate), (272 bytes).
    Removing startup_gd32f450_470.o(HEAP), (1024 bytes).
    Removing lcd.o(.rev16_text), (4 bytes).
    Removing lcd.o(.revsh_text), (4 bytes).
    Removing exmc_sdram.o(.rev16_text), (4 bytes).
    Removing exmc_sdram.o(.revsh_text), (4 bytes).
    Removing exmc_sdram.o(i.fill_buffer), (24 bytes).
    Removing exmc_sdram.o(i.sdram_readbuffer_16), (44 bytes).
    Removing exmc_sdram.o(i.sdram_readbuffer_8), (36 bytes).
    Removing exmc_sdram.o(i.sdram_writebuffer_16), (44 bytes).
    Removing exmc_sdram.o(i.sdram_writebuffer_8), (36 bytes).
    Removing touch.o(.rev16_text), (4 bytes).
    Removing touch.o(.revsh_text), (4 bytes).
    Removing touch.o(i.CRC16), (68 bytes).
    Removing touch.o(i.GT1151_Send_Cfg), (104 bytes).
    Removing led.o(.rev16_text), (4 bytes).
    Removing led.o(.revsh_text), (4 bytes).
    Removing led.o(i.LED1_OFF), (16 bytes).
    Removing led.o(i.LED1_ON), (16 bytes).
    Removing led.o(i.LED2_OFF), (16 bytes).
    Removing led.o(i.LED2_ON), (16 bytes).
    Removing led.o(i.LED3_OFF), (16 bytes).
    Removing led.o(i.LED3_ON), (16 bytes).
    Removing led.o(i.LED4_OFF), (16 bytes).
    Removing led.o(i.LED4_ON), (16 bytes).
    Removing key.o(.rev16_text), (4 bytes).
    Removing key.o(.revsh_text), (4 bytes).
    Removing key.o(i.KEY_Scan), (108 bytes).
    Removing driver_debug.o(.rev16_text), (4 bytes).
    Removing driver_debug.o(.revsh_text), (4 bytes).
    Removing driver_debug.o(i.usart_send_string), (24 bytes).
    Removing driver_dma.o(.rev16_text), (4 bytes).
    Removing driver_dma.o(.revsh_text), (4 bytes).
    Removing driver_dma.o(i.DMA_Init), (132 bytes).
    Removing dadd.o(.text), (334 bytes).
    Removing dmul.o(.text), (228 bytes).
    Removing ddiv.o(.text), (222 bytes).
    Removing dfixul.o(.text), (48 bytes).
    Removing cdrcmple.o(.text), (48 bytes).
    Removing depilogue.o(.text), (186 bytes).

509 unused section(s) (total 20008 bytes) removed from the image.

==============================================================================

Image Symbol Table

    Local Symbols

    Symbol Name                              Value     Ov Type        Size  Object(Section)

    ../clib/microlib/division.c              0x00000000   Number         0  uldiv.o ABSOLUTE
    ../clib/microlib/division.c              0x00000000   Number         0  uidiv.o ABSOLUTE
    ../clib/microlib/init/entry.s            0x00000000   Number         0  entry12b.o ABSOLUTE
    ../clib/microlib/init/entry.s            0x00000000   Number         0  entry11b.o ABSOLUTE
    ../clib/microlib/init/entry.s            0x00000000   Number         0  entry9b.o ABSOLUTE
    ../clib/microlib/init/entry.s            0x00000000   Number         0  entry8a.o ABSOLUTE
    ../clib/microlib/init/entry.s            0x00000000   Number         0  entry8b.o ABSOLUTE
    ../clib/microlib/init/entry.s            0x00000000   Number         0  entry2.o ABSOLUTE
    ../clib/microlib/init/entry.s            0x00000000   Number         0  entry10b.o ABSOLUTE
    ../clib/microlib/init/entry.s            0x00000000   Number         0  entry10a.o ABSOLUTE
    ../clib/microlib/init/entry.s            0x00000000   Number         0  entry12a.o ABSOLUTE
    ../clib/microlib/init/entry.s            0x00000000   Number         0  entry11a.o ABSOLUTE
    ../clib/microlib/init/entry.s            0x00000000   Number         0  entry.o ABSOLUTE
    ../clib/microlib/init/entry.s            0x00000000   Number         0  entry9a.o ABSOLUTE
    ../clib/microlib/init/entry.s            0x00000000   Number         0  entry7b.o ABSOLUTE
    ../clib/microlib/init/entry.s            0x00000000   Number         0  entry7a.o ABSOLUTE
    ../clib/microlib/init/entry.s            0x00000000   Number         0  entry5.o ABSOLUTE
    ../clib/microlib/longlong.c              0x00000000   Number         0  llsshr.o ABSOLUTE
    ../clib/microlib/longlong.c              0x00000000   Number         0  llshl.o ABSOLUTE
    ../clib/microlib/longlong.c              0x00000000   Number         0  llushr.o ABSOLUTE
    ../clib/microlib/printf/printf.c         0x00000000   Number         0  printf3.o ABSOLUTE
    ../clib/microlib/printf/printf.c         0x00000000   Number         0  printf6.o ABSOLUTE
    ../clib/microlib/printf/printf.c         0x00000000   Number         0  printf1.o ABSOLUTE
    ../clib/microlib/printf/printf.c         0x00000000   Number         0  printf0.o ABSOLUTE
    ../clib/microlib/printf/printf.c         0x00000000   Number         0  printfb.o ABSOLUTE
    ../clib/microlib/printf/printf.c         0x00000000   Number         0  printf4.o ABSOLUTE
    ../clib/microlib/printf/printf.c         0x00000000   Number         0  printfa.o ABSOLUTE
    ../clib/microlib/printf/printf.c         0x00000000   Number         0  printf2.o ABSOLUTE
    ../clib/microlib/printf/printf.c         0x00000000   Number         0  printf8.o ABSOLUTE
    ../clib/microlib/printf/printf.c         0x00000000   Number         0  printf7.o ABSOLUTE
    ../clib/microlib/printf/printf.c         0x00000000   Number         0  printf5.o ABSOLUTE
    ../clib/microlib/printf/stubs.s          0x00000000   Number         0  stubs.o ABSOLUTE
    ../clib/microlib/stdio/streams.c         0x00000000   Number         0  stdout.o ABSOLUTE
    ../clib/microlib/string/strcmp.c         0x00000000   Number         0  strcmp.o ABSOLUTE
    ../clib/microlib/stubs.s                 0x00000000   Number         0  iusefp.o ABSOLUTE
    ../fplib/microlib/fpadd.c                0x00000000   Number         0  dadd.o ABSOLUTE
    ../fplib/microlib/fpdiv.c                0x00000000   Number         0  ddiv.o ABSOLUTE
    ../fplib/microlib/fpepilogue.c           0x00000000   Number         0  depilogue.o ABSOLUTE
    ../fplib/microlib/fpfix.c                0x00000000   Number         0  dfixul.o ABSOLUTE
    ../fplib/microlib/fpmul.c                0x00000000   Number         0  dmul.o ABSOLUTE
    ..\Firmware\CMSIS\GD\GD32F4xx\Source\ARM\startup_gd32f450_470.s 0x00000000   Number         0  startup_gd32f450_470.o ABSOLUTE
    ..\Firmware\CMSIS\GD\GD32F4xx\Source\system_gd32f4xx.c 0x00000000   Number         0  system_gd32f4xx.o ABSOLUTE
    ..\Firmware\GD32F4xx_standard_peripheral\Source\gd32f4xx_adc.c 0x00000000   Number         0  gd32f4xx_adc.o ABSOLUTE
    ..\Firmware\GD32F4xx_standard_peripheral\Source\gd32f4xx_crc.c 0x00000000   Number         0  gd32f4xx_crc.o ABSOLUTE
    ..\Firmware\GD32F4xx_standard_peripheral\Source\gd32f4xx_dac.c 0x00000000   Number         0  gd32f4xx_dac.o ABSOLUTE
    ..\Firmware\GD32F4xx_standard_peripheral\Source\gd32f4xx_dma.c 0x00000000   Number         0  gd32f4xx_dma.o ABSOLUTE
    ..\Firmware\GD32F4xx_standard_peripheral\Source\gd32f4xx_exmc.c 0x00000000   Number         0  gd32f4xx_exmc.o ABSOLUTE
    ..\Firmware\GD32F4xx_standard_peripheral\Source\gd32f4xx_exti.c 0x00000000   Number         0  gd32f4xx_exti.o ABSOLUTE
    ..\Firmware\GD32F4xx_standard_peripheral\Source\gd32f4xx_gpio.c 0x00000000   Number         0  gd32f4xx_gpio.o ABSOLUTE
    ..\Firmware\GD32F4xx_standard_peripheral\Source\gd32f4xx_i2c.c 0x00000000   Number         0  gd32f4xx_i2c.o ABSOLUTE
    ..\Firmware\GD32F4xx_standard_peripheral\Source\gd32f4xx_misc.c 0x00000000   Number         0  gd32f4xx_misc.o ABSOLUTE
    ..\Firmware\GD32F4xx_standard_peripheral\Source\gd32f4xx_rcu.c 0x00000000   Number         0  gd32f4xx_rcu.o ABSOLUTE
    ..\Firmware\GD32F4xx_standard_peripheral\Source\gd32f4xx_spi.c 0x00000000   Number         0  gd32f4xx_spi.o ABSOLUTE
    ..\Firmware\GD32F4xx_standard_peripheral\Source\gd32f4xx_syscfg.c 0x00000000   Number         0  gd32f4xx_syscfg.o ABSOLUTE
    ..\Firmware\GD32F4xx_standard_peripheral\Source\gd32f4xx_timer.c 0x00000000   Number         0  gd32f4xx_timer.o ABSOLUTE
    ..\Firmware\GD32F4xx_standard_peripheral\Source\gd32f4xx_tli.c 0x00000000   Number         0  gd32f4xx_tli.o ABSOLUTE
    ..\Firmware\GD32F4xx_standard_peripheral\Source\gd32f4xx_usart.c 0x00000000   Number         0  gd32f4xx_usart.o ABSOLUTE
    ..\Hardware\DEBUG\driver_debug.c         0x00000000   Number         0  driver_debug.o ABSOLUTE
    ..\Hardware\DEBUG\driver_dma.c           0x00000000   Number         0  driver_dma.o ABSOLUTE
    ..\Hardware\KEY\key.c                    0x00000000   Number         0  key.o ABSOLUTE
    ..\Hardware\LCD\lcd.c                    0x00000000   Number         0  lcd.o ABSOLUTE
    ..\Hardware\LED\led.c                    0x00000000   Number         0  led.o ABSOLUTE
    ..\Hardware\SDRAM\exmc_sdram.c           0x00000000   Number         0  exmc_sdram.o ABSOLUTE
    ..\Hardware\touch\touch.c                0x00000000   Number         0  touch.o ABSOLUTE
    ..\User\gd32f4xx_it.c                    0x00000000   Number         0  gd32f4xx_it.o ABSOLUTE
    ..\User\main.c                           0x00000000   Number         0  main.o ABSOLUTE
    ..\User\systick.c                        0x00000000   Number         0  systick.o ABSOLUTE
    ..\\Firmware\\CMSIS\\GD\\GD32F4xx\\Source\\system_gd32f4xx.c 0x00000000   Number         0  system_gd32f4xx.o ABSOLUTE
    ..\\Firmware\\GD32F4xx_standard_peripheral\\Source\\gd32f4xx_adc.c 0x00000000   Number         0  gd32f4xx_adc.o ABSOLUTE
    ..\\Firmware\\GD32F4xx_standard_peripheral\\Source\\gd32f4xx_crc.c 0x00000000   Number         0  gd32f4xx_crc.o ABSOLUTE
    ..\\Firmware\\GD32F4xx_standard_peripheral\\Source\\gd32f4xx_dac.c 0x00000000   Number         0  gd32f4xx_dac.o ABSOLUTE
    ..\\Firmware\\GD32F4xx_standard_peripheral\\Source\\gd32f4xx_dma.c 0x00000000   Number         0  gd32f4xx_dma.o ABSOLUTE
    ..\\Firmware\\GD32F4xx_standard_peripheral\\Source\\gd32f4xx_exmc.c 0x00000000   Number         0  gd32f4xx_exmc.o ABSOLUTE
    ..\\Firmware\\GD32F4xx_standard_peripheral\\Source\\gd32f4xx_exti.c 0x00000000   Number         0  gd32f4xx_exti.o ABSOLUTE
    ..\\Firmware\\GD32F4xx_standard_peripheral\\Source\\gd32f4xx_gpio.c 0x00000000   Number         0  gd32f4xx_gpio.o ABSOLUTE
    ..\\Firmware\\GD32F4xx_standard_peripheral\\Source\\gd32f4xx_i2c.c 0x00000000   Number         0  gd32f4xx_i2c.o ABSOLUTE
    ..\\Firmware\\GD32F4xx_standard_peripheral\\Source\\gd32f4xx_misc.c 0x00000000   Number         0  gd32f4xx_misc.o ABSOLUTE
    ..\\Firmware\\GD32F4xx_standard_peripheral\\Source\\gd32f4xx_rcu.c 0x00000000   Number         0  gd32f4xx_rcu.o ABSOLUTE
    ..\\Firmware\\GD32F4xx_standard_peripheral\\Source\\gd32f4xx_spi.c 0x00000000   Number         0  gd32f4xx_spi.o ABSOLUTE
    ..\\Firmware\\GD32F4xx_standard_peripheral\\Source\\gd32f4xx_syscfg.c 0x00000000   Number         0  gd32f4xx_syscfg.o ABSOLUTE
    ..\\Firmware\\GD32F4xx_standard_peripheral\\Source\\gd32f4xx_timer.c 0x00000000   Number         0  gd32f4xx_timer.o ABSOLUTE
    ..\\Firmware\\GD32F4xx_standard_peripheral\\Source\\gd32f4xx_tli.c 0x00000000   Number         0  gd32f4xx_tli.o ABSOLUTE
    ..\\Firmware\\GD32F4xx_standard_peripheral\\Source\\gd32f4xx_usart.c 0x00000000   Number         0  gd32f4xx_usart.o ABSOLUTE
    ..\\Hardware\\DEBUG\\driver_debug.c      0x00000000   Number         0  driver_debug.o ABSOLUTE
    ..\\Hardware\\DEBUG\\driver_dma.c        0x00000000   Number         0  driver_dma.o ABSOLUTE
    ..\\Hardware\\KEY\\key.c                 0x00000000   Number         0  key.o ABSOLUTE
    ..\\Hardware\\LCD\\lcd.c                 0x00000000   Number         0  lcd.o ABSOLUTE
    ..\\Hardware\\LED\\led.c                 0x00000000   Number         0  led.o ABSOLUTE
    ..\\Hardware\\SDRAM\\exmc_sdram.c        0x00000000   Number         0  exmc_sdram.o ABSOLUTE
    ..\\Hardware\\touch\\touch.c             0x00000000   Number         0  touch.o ABSOLUTE
    ..\\User\\gd32f4xx_it.c                  0x00000000   Number         0  gd32f4xx_it.o ABSOLUTE
    ..\\User\\main.c                         0x00000000   Number         0  main.o ABSOLUTE
    ..\\User\\systick.c                      0x00000000   Number         0  systick.o ABSOLUTE
    cdrcmple.s                               0x00000000   Number         0  cdrcmple.o ABSOLUTE
    dc.s                                     0x00000000   Number         0  dc.o ABSOLUTE
    handlers.s                               0x00000000   Number         0  handlers.o ABSOLUTE
    init.s                                   0x00000000   Number         0  init.o ABSOLUTE
    RESET                                    0x08000000   Section      428  startup_gd32f450_470.o(RESET)
    .ARM.Collect$$$$00000000                 0x080001ac   Section        0  entry.o(.ARM.Collect$$$$00000000)
    .ARM.Collect$$$$00000001                 0x080001ac   Section        4  entry2.o(.ARM.Collect$$$$00000001)
    .ARM.Collect$$$$00000004                 0x080001b0   Section        4  entry5.o(.ARM.Collect$$$$00000004)
    .ARM.Collect$$$$00000008                 0x080001b4   Section        0  entry7b.o(.ARM.Collect$$$$00000008)
    .ARM.Collect$$$$0000000A                 0x080001b4   Section        0  entry8b.o(.ARM.Collect$$$$0000000A)
    .ARM.Collect$$$$0000000B                 0x080001b4   Section        8  entry9a.o(.ARM.Collect$$$$0000000B)
    .ARM.Collect$$$$0000000E                 0x080001bc   Section        4  entry12b.o(.ARM.Collect$$$$0000000E)
    .ARM.Collect$$$$0000000F                 0x080001c0   Section        0  entry10a.o(.ARM.Collect$$$$0000000F)
    .ARM.Collect$$$$00000011                 0x080001c0   Section        0  entry11a.o(.ARM.Collect$$$$00000011)
    .ARM.Collect$$$$00002712                 0x080001c0   Section        4  entry2.o(.ARM.Collect$$$$00002712)
    __lit__00000000                          0x080001c0   Data           4  entry2.o(.ARM.Collect$$$$00002712)
    .text                                    0x080001c4   Section       36  startup_gd32f450_470.o(.text)
    $v0                                      0x080001c4   Number         0  startup_gd32f450_470.o(.text)
    .text                                    0x080001e8   Section        0  strcmp.o(.text)
    .text                                    0x08000204   Section        0  uldiv.o(.text)
    .text                                    0x08000268   Section       36  init.o(.text)
    .text                                    0x0800028c   Section        0  llshl.o(.text)
    .text                                    0x080002aa   Section        0  llushr.o(.text)
    i.BusFault_Handler                       0x080002ca   Section        0  gd32f4xx_it.o(i.BusFault_Handler)
    i.CT_Delay                               0x080002ce   Section        0  touch.o(i.CT_Delay)
    i.CT_IIC_Ack                             0x080002d8   Section        0  touch.o(i.CT_IIC_Ack)
    i.CT_IIC_Init                            0x08000318   Section        0  touch.o(i.CT_IIC_Init)
    i.CT_IIC_NAck                            0x08000360   Section        0  touch.o(i.CT_IIC_NAck)
    i.CT_IIC_Read_Byte                       0x080003a0   Section        0  touch.o(i.CT_IIC_Read_Byte)
    i.CT_IIC_Send_Byte                       0x08000400   Section        0  touch.o(i.CT_IIC_Send_Byte)
    i.CT_IIC_Start                           0x08000460   Section        0  touch.o(i.CT_IIC_Start)
    i.CT_IIC_Stop                            0x080004a0   Section        0  touch.o(i.CT_IIC_Stop)
    i.CT_IIC_Wait_Ack                        0x080004d8   Section        0  touch.o(i.CT_IIC_Wait_Ack)
    i.DMA1_Channel2_IRQHandler               0x08000530   Section        0  driver_dma.o(i.DMA1_Channel2_IRQHandler)
    i.DebugMon_Handler                       0x08000550   Section        0  gd32f4xx_it.o(i.DebugMon_Handler)
    i.Debug_Init                             0x08000554   Section        0  driver_debug.o(i.Debug_Init)
    i.EXTI0_IRQHandler                       0x08000624   Section        0  key.o(i.EXTI0_IRQHandler)
    i.GT1151_Init                            0x08000684   Section        0  touch.o(i.GT1151_Init)
    i.GT1151_RD_Reg                          0x080007a0   Section        0  touch.o(i.GT1151_RD_Reg)
    i.GT1151_Scan                            0x08000804   Section        0  touch.o(i.GT1151_Scan)
    i.GT1151_WR_Reg                          0x08000a40   Section        0  touch.o(i.GT1151_WR_Reg)
    i.HardFault_Handler                      0x08000a9c   Section        0  gd32f4xx_it.o(i.HardFault_Handler)
    i.KEY_Init                               0x08000aa0   Section        0  key.o(i.KEY_Init)
    i.LCD_Clear                              0x08000aec   Section        0  lcd.o(i.LCD_Clear)
    i.LCD_Init                               0x08000b18   Section        0  lcd.o(i.LCD_Init)
    i.LCD_ShowChar                           0x08000ba0   Section        0  lcd.o(i.LCD_ShowChar)
    i.LCD_ShowString                         0x08000cc8   Section        0  lcd.o(i.LCD_ShowString)
    i.LED_Init                               0x08000d34   Section        0  led.o(i.LED_Init)
    i.LTDC_Draw_Point                        0x08000de8   Section        0  lcd.o(i.LTDC_Draw_Point)
    i.MemManage_Handler                      0x08000e04   Section        0  gd32f4xx_it.o(i.MemManage_Handler)
    i.NMI_Handler                            0x08000e08   Section        0  gd32f4xx_it.o(i.NMI_Handler)
    i.NT35510_Init                           0x08000e0c   Section        0  lcd.o(i.NT35510_Init)
    i.NVIC_SetPriority                       0x08002448   Section        0  systick.o(i.NVIC_SetPriority)
    NVIC_SetPriority                         0x08002449   Thumb Code    32  systick.o(i.NVIC_SetPriority)
    i.PendSV_Handler                         0x08002470   Section        0  gd32f4xx_it.o(i.PendSV_Handler)
    i.SVC_Handler                            0x08002472   Section        0  gd32f4xx_it.o(i.SVC_Handler)
    i.SysTick_Handler                        0x08002474   Section        0  gd32f4xx_it.o(i.SysTick_Handler)
    i.SystemInit                             0x0800247c   Section        0  system_gd32f4xx.o(i.SystemInit)
    i.TLI_ConfigParam                        0x08002544   Section        0  lcd.o(i.TLI_ConfigParam)
    i.USART0_IRQHandler                      0x0800295c   Section        0  driver_debug.o(i.USART0_IRQHandler)
    i.UsageFault_Handler                     0x080029c0   Section        0  gd32f4xx_it.o(i.UsageFault_Handler)
    i.Write_3Spi_Byte                        0x080029c4   Section        0  lcd.o(i.Write_3Spi_Byte)
    i.Write_3Spi_cmd                         0x08002a30   Section        0  lcd.o(i.Write_3Spi_cmd)
    i.Write_3Spi_data                        0x08002a74   Section        0  lcd.o(i.Write_3Spi_data)
    i.__0printf$8                            0x08002aac   Section        0  printf8.o(i.__0printf$8)
    i.__scatterload_copy                     0x08002acc   Section       14  handlers.o(i.__scatterload_copy)
    i.__scatterload_null                     0x08002ada   Section        2  handlers.o(i.__scatterload_null)
    i.__scatterload_zeroinit                 0x08002adc   Section       14  handlers.o(i.__scatterload_zeroinit)
    i._printf_core                           0x08002aec   Section        0  printf8.o(i._printf_core)
    _printf_core                             0x08002aed   Thumb Code   984  printf8.o(i._printf_core)
    i._printf_post_padding                   0x08002ef0   Section        0  printf8.o(i._printf_post_padding)
    _printf_post_padding                     0x08002ef1   Thumb Code    36  printf8.o(i._printf_post_padding)
    i._printf_pre_padding                    0x08002f14   Section        0  printf8.o(i._printf_pre_padding)
    _printf_pre_padding                      0x08002f15   Thumb Code    46  printf8.o(i._printf_pre_padding)
    i.check_sum                              0x08002f44   Section        0  touch.o(i.check_sum)
    i.delay_1ms                              0x08002fc4   Section        0  systick.o(i.delay_1ms)
    i.delay_1us                              0x08002fd8   Section        0  touch.o(i.delay_1us)
    i.delay_decrement                        0x08002ff4   Section        0  systick.o(i.delay_decrement)
    i.dma_interrupt_flag_clear               0x0800300c   Section        0  gd32f4xx_dma.o(i.dma_interrupt_flag_clear)
    i.dma_interrupt_flag_get                 0x0800304a   Section        0  gd32f4xx_dma.o(i.dma_interrupt_flag_get)
    i.exmc_flag_get                          0x08003250   Section        0  gd32f4xx_exmc.o(i.exmc_flag_get)
    i.exmc_sdram_command_config              0x08003284   Section        0  gd32f4xx_exmc.o(i.exmc_sdram_command_config)
    i.exmc_sdram_init                        0x080032a0   Section        0  gd32f4xx_exmc.o(i.exmc_sdram_init)
    i.exmc_sdram_refresh_count_set           0x080033b8   Section        0  gd32f4xx_exmc.o(i.exmc_sdram_refresh_count_set)
    i.exmc_synchronous_dynamic_ram_init      0x080033dc   Section        0  exmc_sdram.o(i.exmc_synchronous_dynamic_ram_init)
    i.exti_init                              0x08003640   Section        0  gd32f4xx_exti.o(i.exti_init)
    i.exti_interrupt_enable                  0x080036fc   Section        0  gd32f4xx_exti.o(i.exti_interrupt_enable)
    i.exti_interrupt_flag_clear              0x0800370c   Section        0  gd32f4xx_exti.o(i.exti_interrupt_flag_clear)
    i.exti_interrupt_flag_get                0x08003718   Section        0  gd32f4xx_exti.o(i.exti_interrupt_flag_get)
    i.fputc                                  0x0800373c   Section        0  driver_debug.o(i.fputc)
    i.gpio_af_set                            0x0800374c   Section        0  gd32f4xx_gpio.o(i.gpio_af_set)
    i.gpio_bit_reset                         0x080037aa   Section        0  gd32f4xx_gpio.o(i.gpio_bit_reset)
    i.gpio_bit_set                           0x080037ae   Section        0  gd32f4xx_gpio.o(i.gpio_bit_set)
    i.gpio_bit_toggle                        0x080037b2   Section        0  gd32f4xx_gpio.o(i.gpio_bit_toggle)
    i.gpio_bit_write                         0x080037b6   Section        0  gd32f4xx_gpio.o(i.gpio_bit_write)
    i.gpio_input_bit_get                     0x080037c0   Section        0  gd32f4xx_gpio.o(i.gpio_input_bit_get)
    i.gpio_mode_set                          0x080037d0   Section        0  gd32f4xx_gpio.o(i.gpio_mode_set)
    i.gpio_output_options_set                0x0800381e   Section        0  gd32f4xx_gpio.o(i.gpio_output_options_set)
    i.mDelayuS                               0x08003860   Section        0  lcd.o(i.mDelayuS)
    i.main                                   0x0800387c   Section        0  main.o(i.main)
    i.nvic_irq_enable                        0x08003a7c   Section        0  gd32f4xx_misc.o(i.nvic_irq_enable)
    i.nvic_priority_group_set                0x08003b40   Section        0  gd32f4xx_misc.o(i.nvic_priority_group_set)
    i.rcu_clock_freq_get                     0x08003b54   Section        0  gd32f4xx_rcu.o(i.rcu_clock_freq_get)
    i.rcu_flag_get                           0x08003c78   Section        0  gd32f4xx_rcu.o(i.rcu_flag_get)
    i.rcu_osci_on                            0x08003c9c   Section        0  gd32f4xx_rcu.o(i.rcu_osci_on)
    i.rcu_osci_stab_wait                     0x08003cc0   Section        0  gd32f4xx_rcu.o(i.rcu_osci_stab_wait)
    i.rcu_periph_clock_enable                0x08003e1c   Section        0  gd32f4xx_rcu.o(i.rcu_periph_clock_enable)
    i.rcu_periph_reset_disable               0x08003e40   Section        0  gd32f4xx_rcu.o(i.rcu_periph_reset_disable)
    i.rcu_periph_reset_enable                0x08003e64   Section        0  gd32f4xx_rcu.o(i.rcu_periph_reset_enable)
    i.rcu_pllsai_config                      0x08003e88   Section        0  gd32f4xx_rcu.o(i.rcu_pllsai_config)
    i.rcu_tli_clock_div_config               0x08003ed0   Section        0  gd32f4xx_rcu.o(i.rcu_tli_clock_div_config)
    i.syscfg_exti_line_config                0x08003ee8   Section        0  gd32f4xx_syscfg.o(i.syscfg_exti_line_config)
    i.system_clock_200m_25m_hxtal            0x08003f94   Section        0  system_gd32f4xx.o(i.system_clock_200m_25m_hxtal)
    system_clock_200m_25m_hxtal              0x08003f95   Thumb Code   240  system_gd32f4xx.o(i.system_clock_200m_25m_hxtal)
    i.system_clock_config                    0x08004090   Section        0  system_gd32f4xx.o(i.system_clock_config)
    system_clock_config                      0x08004091   Thumb Code     8  system_gd32f4xx.o(i.system_clock_config)
    i.systick_config                         0x08004098   Section        0  systick.o(i.systick_config)
    i.tli_dither_config                      0x080040e8   Section        0  gd32f4xx_tli.o(i.tli_dither_config)
    i.tli_enable                             0x0800410c   Section        0  gd32f4xx_tli.o(i.tli_enable)
    i.tli_init                               0x08004120   Section        0  gd32f4xx_tli.o(i.tli_init)
    i.tli_layer_disable                      0x080041dc   Section        0  gd32f4xx_tli.o(i.tli_layer_disable)
    i.tli_layer_enable                       0x080041ea   Section        0  gd32f4xx_tli.o(i.tli_layer_enable)
    i.tli_layer_init                         0x080041f8   Section        0  gd32f4xx_tli.o(i.tli_layer_init)
    i.tli_layer_struct_para_init             0x08004290   Section        0  gd32f4xx_tli.o(i.tli_layer_struct_para_init)
    i.tli_reload_config                      0x080042c0   Section        0  gd32f4xx_tli.o(i.tli_reload_config)
    i.tli_struct_para_init                   0x080042e4   Section        0  gd32f4xx_tli.o(i.tli_struct_para_init)
    i.usart_baudrate_set                     0x08004308   Section        0  gd32f4xx_usart.o(i.usart_baudrate_set)
    i.usart_data_receive                     0x080043f0   Section        0  gd32f4xx_usart.o(i.usart_data_receive)
    i.usart_data_transmit                    0x080043fa   Section        0  gd32f4xx_usart.o(i.usart_data_transmit)
    i.usart_deinit                           0x08004404   Section        0  gd32f4xx_usart.o(i.usart_deinit)
    i.usart_enable                           0x080044e0   Section        0  gd32f4xx_usart.o(i.usart_enable)
    i.usart_flag_get                         0x080044ea   Section        0  gd32f4xx_usart.o(i.usart_flag_get)
    i.usart_interrupt_enable                 0x08004508   Section        0  gd32f4xx_usart.o(i.usart_interrupt_enable)
    i.usart_interrupt_flag_get               0x08004522   Section        0  gd32f4xx_usart.o(i.usart_interrupt_flag_get)
    i.usart_parity_config                    0x0800455a   Section        0  gd32f4xx_usart.o(i.usart_parity_config)
    i.usart_receive_config                   0x0800456a   Section        0  gd32f4xx_usart.o(i.usart_receive_config)
    i.usart_send_data                        0x0800457c   Section        0  driver_debug.o(i.usart_send_data)
    i.usart_stop_bit_set                     0x0800459c   Section        0  gd32f4xx_usart.o(i.usart_stop_bit_set)
    i.usart_transmit_config                  0x080045ac   Section        0  gd32f4xx_usart.o(i.usart_transmit_config)
    i.usart_word_length_set                  0x080045bc   Section        0  gd32f4xx_usart.o(i.usart_word_length_set)
    .constdata                               0x080045cc   Section     6080  lcd.o(.constdata)
    .constdata                               0x08005d8c   Section      250  touch.o(.constdata)
    .data                                    0x20000000   Section       20  main.o(.data)
    .data                                    0x20000014   Section        4  systick.o(.data)
    delay                                    0x20000014   Data           4  systick.o(.data)
    .data                                    0x20000018   Section        4  system_gd32f4xx.o(.data)
    .data                                    0x2000001c   Section       12  lcd.o(.data)
    .data                                    0x20000028   Section        1  touch.o(.data)
    t                                        0x20000028   Data           1  touch.o(.data)
    .data                                    0x2000002a   Section        3  driver_debug.o(.data)
    .data                                    0x20000030   Section        4  stdout.o(.data)
    .bss                                     0x20000034   Section       16  lcd.o(.bss)
    .bss                                     0x20000044   Section      279  touch.o(.bss)
    .bss                                     0x2000015b   Section     4096  driver_debug.o(.bss)
    STACK                                    0x20001160   Section     1024  startup_gd32f450_470.o(STACK)
    .ARM.__AT_0xC0000000                     0xc0000000   Section    768000  lcd.o(.ARM.__AT_0xC0000000)
    .ARM.__AT_0xC00BB800                     0xc00bb800   Section    768000  lcd.o(.ARM.__AT_0xC00BB800)

    Global Symbols

    Symbol Name                              Value     Ov Type        Size  Object(Section)

    BuildAttributes$$THM_ISAv4$E$P$D$K$B$S$7EM$VFPi3$EXTD16$VFPS$VFMA$PE$A:L22UL41UL21$X:L11$S22US41US21$IEEE1$IW$USESV6$~STKCKD$USESV7$~SHL$OSPACE$ROPI$EBA8$MICROLIB$REQ8$PRES8$EABIv2 0x00000000   Number         0  anon$$obj.o ABSOLUTE
    __ARM_use_no_argv                        0x00000000   Number         0  main.o ABSOLUTE
    _printf_a                                0x00000000   Number         0  stubs.o ABSOLUTE
    _printf_c                                0x00000000   Number         0  stubs.o ABSOLUTE
    _printf_charcount                        0x00000000   Number         0  stubs.o ABSOLUTE
    _printf_d                                0x00000000   Number         0  stubs.o ABSOLUTE
    _printf_e                                0x00000000   Number         0  stubs.o ABSOLUTE
    _printf_f                                0x00000000   Number         0  stubs.o ABSOLUTE
    _printf_flags                            0x00000000   Number         0  stubs.o ABSOLUTE
    _printf_fp_dec                           0x00000000   Number         0  stubs.o ABSOLUTE
    _printf_fp_hex                           0x00000000   Number         0  stubs.o ABSOLUTE
    _printf_g                                0x00000000   Number         0  stubs.o ABSOLUTE
    _printf_i                                0x00000000   Number         0  stubs.o ABSOLUTE
    _printf_int_dec                          0x00000000   Number         0  stubs.o ABSOLUTE
    _printf_l                                0x00000000   Number         0  stubs.o ABSOLUTE
    _printf_lc                               0x00000000   Number         0  stubs.o ABSOLUTE
    _printf_ll                               0x00000000   Number         0  stubs.o ABSOLUTE
    _printf_lld                              0x00000000   Number         0  stubs.o ABSOLUTE
    _printf_lli                              0x00000000   Number         0  stubs.o ABSOLUTE
    _printf_llo                              0x00000000   Number         0  stubs.o ABSOLUTE
    _printf_llu                              0x00000000   Number         0  stubs.o ABSOLUTE
    _printf_llx                              0x00000000   Number         0  stubs.o ABSOLUTE
    _printf_longlong_dec                     0x00000000   Number         0  stubs.o ABSOLUTE
    _printf_longlong_hex                     0x00000000   Number         0  stubs.o ABSOLUTE
    _printf_longlong_oct                     0x00000000   Number         0  stubs.o ABSOLUTE
    _printf_ls                               0x00000000   Number         0  stubs.o ABSOLUTE
    _printf_mbtowc                           0x00000000   Number         0  stubs.o ABSOLUTE
    _printf_n                                0x00000000   Number         0  stubs.o ABSOLUTE
    _printf_o                                0x00000000   Number         0  stubs.o ABSOLUTE
    _printf_p                                0x00000000   Number         0  stubs.o ABSOLUTE
    _printf_percent                          0x00000000   Number         0  stubs.o ABSOLUTE
    _printf_pre_padding                      0x00000000   Number         0  stubs.o ABSOLUTE
    _printf_return_value                     0x00000000   Number         0  stubs.o ABSOLUTE
    _printf_s                                0x00000000   Number         0  stubs.o ABSOLUTE
    _printf_sizespec                         0x00000000   Number         0  stubs.o ABSOLUTE
    _printf_str                              0x00000000   Number         0  stubs.o ABSOLUTE
    _printf_truncate_signed                  0x00000000   Number         0  stubs.o ABSOLUTE
    _printf_truncate_unsigned                0x00000000   Number         0  stubs.o ABSOLUTE
    _printf_u                                0x00000000   Number         0  stubs.o ABSOLUTE
    _printf_wc                               0x00000000   Number         0  stubs.o ABSOLUTE
    _printf_wctomb                           0x00000000   Number         0  stubs.o ABSOLUTE
    _printf_widthprec                        0x00000000   Number         0  stubs.o ABSOLUTE
    _printf_x                                0x00000000   Number         0  stubs.o ABSOLUTE
    __arm_fini_                               - Undefined Weak Reference
    __cpp_initialize__aeabi_                  - Undefined Weak Reference
    __cxa_finalize                            - Undefined Weak Reference
    __decompress                              - Undefined Weak Reference
    _clock_init                               - Undefined Weak Reference
    _microlib_exit                            - Undefined Weak Reference
    __Vectors_Size                           0x000001ac   Number         0  startup_gd32f450_470.o ABSOLUTE
    __Vectors                                0x08000000   Data           4  startup_gd32f450_470.o(RESET)
    __Vectors_End                            0x080001ac   Data           0  startup_gd32f450_470.o(RESET)
    __main                                   0x080001ad   Thumb Code     0  entry.o(.ARM.Collect$$$$00000000)
    _main_stk                                0x080001ad   Thumb Code     0  entry2.o(.ARM.Collect$$$$00000001)
    _main_scatterload                        0x080001b1   Thumb Code     0  entry5.o(.ARM.Collect$$$$00000004)
    __main_after_scatterload                 0x080001b5   Thumb Code     0  entry5.o(.ARM.Collect$$$$00000004)
    _main_clock                              0x080001b5   Thumb Code     0  entry7b.o(.ARM.Collect$$$$00000008)
    _main_cpp_init                           0x080001b5   Thumb Code     0  entry8b.o(.ARM.Collect$$$$0000000A)
    _main_init                               0x080001b5   Thumb Code     0  entry9a.o(.ARM.Collect$$$$0000000B)
    __rt_lib_shutdown_fini                   0x080001bd   Thumb Code     0  entry12b.o(.ARM.Collect$$$$0000000E)
    __rt_final_cpp                           0x080001c1   Thumb Code     0  entry10a.o(.ARM.Collect$$$$0000000F)
    __rt_final_exit                          0x080001c1   Thumb Code     0  entry11a.o(.ARM.Collect$$$$00000011)
    Reset_Handler                            0x080001c5   Thumb Code     8  startup_gd32f450_470.o(.text)
    ADC_IRQHandler                           0x080001df   Thumb Code     0  startup_gd32f450_470.o(.text)
    CAN0_EWMC_IRQHandler                     0x080001df   Thumb Code     0  startup_gd32f450_470.o(.text)
    CAN0_RX0_IRQHandler                      0x080001df   Thumb Code     0  startup_gd32f450_470.o(.text)
    CAN0_RX1_IRQHandler                      0x080001df   Thumb Code     0  startup_gd32f450_470.o(.text)
    CAN0_TX_IRQHandler                       0x080001df   Thumb Code     0  startup_gd32f450_470.o(.text)
    CAN1_EWMC_IRQHandler                     0x080001df   Thumb Code     0  startup_gd32f450_470.o(.text)
    CAN1_RX0_IRQHandler                      0x080001df   Thumb Code     0  startup_gd32f450_470.o(.text)
    CAN1_RX1_IRQHandler                      0x080001df   Thumb Code     0  startup_gd32f450_470.o(.text)
    CAN1_TX_IRQHandler                       0x080001df   Thumb Code     0  startup_gd32f450_470.o(.text)
    DCI_IRQHandler                           0x080001df   Thumb Code     0  startup_gd32f450_470.o(.text)
    DMA0_Channel0_IRQHandler                 0x080001df   Thumb Code     0  startup_gd32f450_470.o(.text)
    DMA0_Channel1_IRQHandler                 0x080001df   Thumb Code     0  startup_gd32f450_470.o(.text)
    DMA0_Channel2_IRQHandler                 0x080001df   Thumb Code     0  startup_gd32f450_470.o(.text)
    DMA0_Channel3_IRQHandler                 0x080001df   Thumb Code     0  startup_gd32f450_470.o(.text)
    DMA0_Channel4_IRQHandler                 0x080001df   Thumb Code     0  startup_gd32f450_470.o(.text)
    DMA0_Channel5_IRQHandler                 0x080001df   Thumb Code     0  startup_gd32f450_470.o(.text)
    DMA0_Channel6_IRQHandler                 0x080001df   Thumb Code     0  startup_gd32f450_470.o(.text)
    DMA0_Channel7_IRQHandler                 0x080001df   Thumb Code     0  startup_gd32f450_470.o(.text)
    DMA1_Channel0_IRQHandler                 0x080001df   Thumb Code     0  startup_gd32f450_470.o(.text)
    DMA1_Channel1_IRQHandler                 0x080001df   Thumb Code     0  startup_gd32f450_470.o(.text)
    DMA1_Channel3_IRQHandler                 0x080001df   Thumb Code     0  startup_gd32f450_470.o(.text)
    DMA1_Channel4_IRQHandler                 0x080001df   Thumb Code     0  startup_gd32f450_470.o(.text)
    DMA1_Channel5_IRQHandler                 0x080001df   Thumb Code     0  startup_gd32f450_470.o(.text)
    DMA1_Channel6_IRQHandler                 0x080001df   Thumb Code     0  startup_gd32f450_470.o(.text)
    DMA1_Channel7_IRQHandler                 0x080001df   Thumb Code     0  startup_gd32f450_470.o(.text)
    ENET_IRQHandler                          0x080001df   Thumb Code     0  startup_gd32f450_470.o(.text)
    ENET_WKUP_IRQHandler                     0x080001df   Thumb Code     0  startup_gd32f450_470.o(.text)
    EXMC_IRQHandler                          0x080001df   Thumb Code     0  startup_gd32f450_470.o(.text)
    EXTI10_15_IRQHandler                     0x080001df   Thumb Code     0  startup_gd32f450_470.o(.text)
    EXTI1_IRQHandler                         0x080001df   Thumb Code     0  startup_gd32f450_470.o(.text)
    EXTI2_IRQHandler                         0x080001df   Thumb Code     0  startup_gd32f450_470.o(.text)
    EXTI3_IRQHandler                         0x080001df   Thumb Code     0  startup_gd32f450_470.o(.text)
    EXTI4_IRQHandler                         0x080001df   Thumb Code     0  startup_gd32f450_470.o(.text)
    EXTI5_9_IRQHandler                       0x080001df   Thumb Code     0  startup_gd32f450_470.o(.text)
    FMC_IRQHandler                           0x080001df   Thumb Code     0  startup_gd32f450_470.o(.text)
    FPU_IRQHandler                           0x080001df   Thumb Code     0  startup_gd32f450_470.o(.text)
    I2C0_ER_IRQHandler                       0x080001df   Thumb Code     0  startup_gd32f450_470.o(.text)
    I2C0_EV_IRQHandler                       0x080001df   Thumb Code     0  startup_gd32f450_470.o(.text)
    I2C1_ER_IRQHandler                       0x080001df   Thumb Code     0  startup_gd32f450_470.o(.text)
    I2C1_EV_IRQHandler                       0x080001df   Thumb Code     0  startup_gd32f450_470.o(.text)
    I2C2_ER_IRQHandler                       0x080001df   Thumb Code     0  startup_gd32f450_470.o(.text)
    I2C2_EV_IRQHandler                       0x080001df   Thumb Code     0  startup_gd32f450_470.o(.text)
    IPA_IRQHandler                           0x080001df   Thumb Code     0  startup_gd32f450_470.o(.text)
    LVD_IRQHandler                           0x080001df   Thumb Code     0  startup_gd32f450_470.o(.text)
    RCU_CTC_IRQHandler                       0x080001df   Thumb Code     0  startup_gd32f450_470.o(.text)
    RTC_Alarm_IRQHandler                     0x080001df   Thumb Code     0  startup_gd32f450_470.o(.text)
    RTC_WKUP_IRQHandler                      0x080001df   Thumb Code     0  startup_gd32f450_470.o(.text)
    SDIO_IRQHandler                          0x080001df   Thumb Code     0  startup_gd32f450_470.o(.text)
    SPI0_IRQHandler                          0x080001df   Thumb Code     0  startup_gd32f450_470.o(.text)
    SPI1_IRQHandler                          0x080001df   Thumb Code     0  startup_gd32f450_470.o(.text)
    SPI2_IRQHandler                          0x080001df   Thumb Code     0  startup_gd32f450_470.o(.text)
    SPI3_IRQHandler                          0x080001df   Thumb Code     0  startup_gd32f450_470.o(.text)
    SPI4_IRQHandler                          0x080001df   Thumb Code     0  startup_gd32f450_470.o(.text)
    SPI5_IRQHandler                          0x080001df   Thumb Code     0  startup_gd32f450_470.o(.text)
    TAMPER_STAMP_IRQHandler                  0x080001df   Thumb Code     0  startup_gd32f450_470.o(.text)
    TIMER0_BRK_TIMER8_IRQHandler             0x080001df   Thumb Code     0  startup_gd32f450_470.o(.text)
    TIMER0_Channel_IRQHandler                0x080001df   Thumb Code     0  startup_gd32f450_470.o(.text)
    TIMER0_TRG_CMT_TIMER10_IRQHandler        0x080001df   Thumb Code     0  startup_gd32f450_470.o(.text)
    TIMER0_UP_TIMER9_IRQHandler              0x080001df   Thumb Code     0  startup_gd32f450_470.o(.text)
    TIMER1_IRQHandler                        0x080001df   Thumb Code     0  startup_gd32f450_470.o(.text)
    TIMER2_IRQHandler                        0x080001df   Thumb Code     0  startup_gd32f450_470.o(.text)
    TIMER3_IRQHandler                        0x080001df   Thumb Code     0  startup_gd32f450_470.o(.text)
    TIMER4_IRQHandler                        0x080001df   Thumb Code     0  startup_gd32f450_470.o(.text)
    TIMER5_DAC_IRQHandler                    0x080001df   Thumb Code     0  startup_gd32f450_470.o(.text)
    TIMER6_IRQHandler                        0x080001df   Thumb Code     0  startup_gd32f450_470.o(.text)
    TIMER7_BRK_TIMER11_IRQHandler            0x080001df   Thumb Code     0  startup_gd32f450_470.o(.text)
    TIMER7_Channel_IRQHandler                0x080001df   Thumb Code     0  startup_gd32f450_470.o(.text)
    TIMER7_TRG_CMT_TIMER13_IRQHandler        0x080001df   Thumb Code     0  startup_gd32f450_470.o(.text)
    TIMER7_UP_TIMER12_IRQHandler             0x080001df   Thumb Code     0  startup_gd32f450_470.o(.text)
    TLI_ER_IRQHandler                        0x080001df   Thumb Code     0  startup_gd32f450_470.o(.text)
    TLI_IRQHandler                           0x080001df   Thumb Code     0  startup_gd32f450_470.o(.text)
    TRNG_IRQHandler                          0x080001df   Thumb Code     0  startup_gd32f450_470.o(.text)
    UART3_IRQHandler                         0x080001df   Thumb Code     0  startup_gd32f450_470.o(.text)
    UART4_IRQHandler                         0x080001df   Thumb Code     0  startup_gd32f450_470.o(.text)
    UART6_IRQHandler                         0x080001df   Thumb Code     0  startup_gd32f450_470.o(.text)
    UART7_IRQHandler                         0x080001df   Thumb Code     0  startup_gd32f450_470.o(.text)
    USART1_IRQHandler                        0x080001df   Thumb Code     0  startup_gd32f450_470.o(.text)
    USART2_IRQHandler                        0x080001df   Thumb Code     0  startup_gd32f450_470.o(.text)
    USART5_IRQHandler                        0x080001df   Thumb Code     0  startup_gd32f450_470.o(.text)
    USBFS_IRQHandler                         0x080001df   Thumb Code     0  startup_gd32f450_470.o(.text)
    USBFS_WKUP_IRQHandler                    0x080001df   Thumb Code     0  startup_gd32f450_470.o(.text)
    USBHS_EP1_In_IRQHandler                  0x080001df   Thumb Code     0  startup_gd32f450_470.o(.text)
    USBHS_EP1_Out_IRQHandler                 0x080001df   Thumb Code     0  startup_gd32f450_470.o(.text)
    USBHS_IRQHandler                         0x080001df   Thumb Code     0  startup_gd32f450_470.o(.text)
    USBHS_WKUP_IRQHandler                    0x080001df   Thumb Code     0  startup_gd32f450_470.o(.text)
    WWDGT_IRQHandler                         0x080001df   Thumb Code     0  startup_gd32f450_470.o(.text)
    strcmp                                   0x080001e9   Thumb Code    28  strcmp.o(.text)
    __aeabi_uldivmod                         0x08000205   Thumb Code    98  uldiv.o(.text)
    __scatterload                            0x08000269   Thumb Code    28  init.o(.text)
    __scatterload_rt2                        0x08000269   Thumb Code     0  init.o(.text)
    __aeabi_llsl                             0x0800028d   Thumb Code    30  llshl.o(.text)
    _ll_shift_l                              0x0800028d   Thumb Code     0  llshl.o(.text)
    __aeabi_llsr                             0x080002ab   Thumb Code    32  llushr.o(.text)
    _ll_ushift_r                             0x080002ab   Thumb Code     0  llushr.o(.text)
    BusFault_Handler                         0x080002cb   Thumb Code     4  gd32f4xx_it.o(i.BusFault_Handler)
    CT_Delay                                 0x080002cf   Thumb Code    10  touch.o(i.CT_Delay)
    CT_IIC_Ack                               0x080002d9   Thumb Code    60  touch.o(i.CT_IIC_Ack)
    CT_IIC_Init                              0x08000319   Thumb Code    68  touch.o(i.CT_IIC_Init)
    CT_IIC_NAck                              0x08000361   Thumb Code    60  touch.o(i.CT_IIC_NAck)
    CT_IIC_Read_Byte                         0x080003a1   Thumb Code    90  touch.o(i.CT_IIC_Read_Byte)
    CT_IIC_Send_Byte                         0x08000401   Thumb Code    92  touch.o(i.CT_IIC_Send_Byte)
    CT_IIC_Start                             0x08000461   Thumb Code    58  touch.o(i.CT_IIC_Start)
    CT_IIC_Stop                              0x080004a1   Thumb Code    50  touch.o(i.CT_IIC_Stop)
    CT_IIC_Wait_Ack                          0x080004d9   Thumb Code    82  touch.o(i.CT_IIC_Wait_Ack)
    DMA1_Channel2_IRQHandler                 0x08000531   Thumb Code    28  driver_dma.o(i.DMA1_Channel2_IRQHandler)
    DebugMon_Handler                         0x08000551   Thumb Code     2  gd32f4xx_it.o(i.DebugMon_Handler)
    Debug_Init                               0x08000555   Thumb Code   200  driver_debug.o(i.Debug_Init)
    EXTI0_IRQHandler                         0x08000625   Thumb Code    54  key.o(i.EXTI0_IRQHandler)
    GT1151_Init                              0x08000685   Thumb Code   208  touch.o(i.GT1151_Init)
    GT1151_RD_Reg                            0x080007a1   Thumb Code    98  touch.o(i.GT1151_RD_Reg)
    GT1151_Scan                              0x08000805   Thumb Code   538  touch.o(i.GT1151_Scan)
    GT1151_WR_Reg                            0x08000a41   Thumb Code    92  touch.o(i.GT1151_WR_Reg)
    HardFault_Handler                        0x08000a9d   Thumb Code     4  gd32f4xx_it.o(i.HardFault_Handler)
    KEY_Init                                 0x08000aa1   Thumb Code    72  key.o(i.KEY_Init)
    LCD_Clear                                0x08000aed   Thumb Code    40  lcd.o(i.LCD_Clear)
    LCD_Init                                 0x08000b19   Thumb Code    62  lcd.o(i.LCD_Init)
    LCD_ShowChar                             0x08000ba1   Thumb Code   276  lcd.o(i.LCD_ShowChar)
    LCD_ShowString                           0x08000cc9   Thumb Code   108  lcd.o(i.LCD_ShowString)
    LED_Init                                 0x08000d35   Thumb Code   164  led.o(i.LED_Init)
    LTDC_Draw_Point                          0x08000de9   Thumb Code    22  lcd.o(i.LTDC_Draw_Point)
    MemManage_Handler                        0x08000e05   Thumb Code     4  gd32f4xx_it.o(i.MemManage_Handler)
    NMI_Handler                              0x08000e09   Thumb Code     2  gd32f4xx_it.o(i.NMI_Handler)
    NT35510_Init                             0x08000e0d   Thumb Code  5692  lcd.o(i.NT35510_Init)
    PendSV_Handler                           0x08002471   Thumb Code     2  gd32f4xx_it.o(i.PendSV_Handler)
    SVC_Handler                              0x08002473   Thumb Code     2  gd32f4xx_it.o(i.SVC_Handler)
    SysTick_Handler                          0x08002475   Thumb Code     8  gd32f4xx_it.o(i.SysTick_Handler)
    SystemInit                               0x0800247d   Thumb Code   184  system_gd32f4xx.o(i.SystemInit)
    TLI_ConfigParam                          0x08002545   Thumb Code   940  lcd.o(i.TLI_ConfigParam)
    USART0_IRQHandler                        0x0800295d   Thumb Code    74  driver_debug.o(i.USART0_IRQHandler)
    UsageFault_Handler                       0x080029c1   Thumb Code     4  gd32f4xx_it.o(i.UsageFault_Handler)
    Write_3Spi_Byte                          0x080029c5   Thumb Code   102  lcd.o(i.Write_3Spi_Byte)
    Write_3Spi_cmd                           0x08002a31   Thumb Code    62  lcd.o(i.Write_3Spi_cmd)
    Write_3Spi_data                          0x08002a75   Thumb Code    50  lcd.o(i.Write_3Spi_data)
    __0printf$8                              0x08002aad   Thumb Code    22  printf8.o(i.__0printf$8)
    __1printf$8                              0x08002aad   Thumb Code     0  printf8.o(i.__0printf$8)
    __2printf                                0x08002aad   Thumb Code     0  printf8.o(i.__0printf$8)
    __scatterload_copy                       0x08002acd   Thumb Code    14  handlers.o(i.__scatterload_copy)
    __scatterload_null                       0x08002adb   Thumb Code     2  handlers.o(i.__scatterload_null)
    __scatterload_zeroinit                   0x08002add   Thumb Code    14  handlers.o(i.__scatterload_zeroinit)
    check_sum                                0x08002f45   Thumb Code    74  touch.o(i.check_sum)
    delay_1ms                                0x08002fc5   Thumb Code    16  systick.o(i.delay_1ms)
    delay_1us                                0x08002fd9   Thumb Code    26  touch.o(i.delay_1us)
    delay_decrement                          0x08002ff5   Thumb Code    18  systick.o(i.delay_decrement)
    dma_interrupt_flag_clear                 0x0800300d   Thumb Code    62  gd32f4xx_dma.o(i.dma_interrupt_flag_clear)
    dma_interrupt_flag_get                   0x0800304b   Thumb Code   516  gd32f4xx_dma.o(i.dma_interrupt_flag_get)
    exmc_flag_get                            0x08003251   Thumb Code    46  gd32f4xx_exmc.o(i.exmc_flag_get)
    exmc_sdram_command_config                0x08003285   Thumb Code    22  gd32f4xx_exmc.o(i.exmc_sdram_command_config)
    exmc_sdram_init                          0x080032a1   Thumb Code   272  gd32f4xx_exmc.o(i.exmc_sdram_init)
    exmc_sdram_refresh_count_set             0x080033b9   Thumb Code    30  gd32f4xx_exmc.o(i.exmc_sdram_refresh_count_set)
    exmc_synchronous_dynamic_ram_init        0x080033dd   Thumb Code   590  exmc_sdram.o(i.exmc_synchronous_dynamic_ram_init)
    exti_init                                0x08003641   Thumb Code   184  gd32f4xx_exti.o(i.exti_init)
    exti_interrupt_enable                    0x080036fd   Thumb Code    12  gd32f4xx_exti.o(i.exti_interrupt_enable)
    exti_interrupt_flag_clear                0x0800370d   Thumb Code     6  gd32f4xx_exti.o(i.exti_interrupt_flag_clear)
    exti_interrupt_flag_get                  0x08003719   Thumb Code    32  gd32f4xx_exti.o(i.exti_interrupt_flag_get)
    fputc                                    0x0800373d   Thumb Code    16  driver_debug.o(i.fputc)
    gpio_af_set                              0x0800374d   Thumb Code    94  gd32f4xx_gpio.o(i.gpio_af_set)
    gpio_bit_reset                           0x080037ab   Thumb Code     4  gd32f4xx_gpio.o(i.gpio_bit_reset)
    gpio_bit_set                             0x080037af   Thumb Code     4  gd32f4xx_gpio.o(i.gpio_bit_set)
    gpio_bit_toggle                          0x080037b3   Thumb Code     4  gd32f4xx_gpio.o(i.gpio_bit_toggle)
    gpio_bit_write                           0x080037b7   Thumb Code    10  gd32f4xx_gpio.o(i.gpio_bit_write)
    gpio_input_bit_get                       0x080037c1   Thumb Code    16  gd32f4xx_gpio.o(i.gpio_input_bit_get)
    gpio_mode_set                            0x080037d1   Thumb Code    78  gd32f4xx_gpio.o(i.gpio_mode_set)
    gpio_output_options_set                  0x0800381f   Thumb Code    66  gd32f4xx_gpio.o(i.gpio_output_options_set)
    mDelayuS                                 0x08003861   Thumb Code    26  lcd.o(i.mDelayuS)
    main                                     0x0800387d   Thumb Code   410  main.o(i.main)
    nvic_irq_enable                          0x08003a7d   Thumb Code   186  gd32f4xx_misc.o(i.nvic_irq_enable)
    nvic_priority_group_set                  0x08003b41   Thumb Code    10  gd32f4xx_misc.o(i.nvic_priority_group_set)
    rcu_clock_freq_get                       0x08003b55   Thumb Code   264  gd32f4xx_rcu.o(i.rcu_clock_freq_get)
    rcu_flag_get                             0x08003c79   Thumb Code    32  gd32f4xx_rcu.o(i.rcu_flag_get)
    rcu_osci_on                              0x08003c9d   Thumb Code    32  gd32f4xx_rcu.o(i.rcu_osci_on)
    rcu_osci_stab_wait                       0x08003cc1   Thumb Code   342  gd32f4xx_rcu.o(i.rcu_osci_stab_wait)
    rcu_periph_clock_enable                  0x08003e1d   Thumb Code    32  gd32f4xx_rcu.o(i.rcu_periph_clock_enable)
    rcu_periph_reset_disable                 0x08003e41   Thumb Code    32  gd32f4xx_rcu.o(i.rcu_periph_reset_disable)
    rcu_periph_reset_enable                  0x08003e65   Thumb Code    32  gd32f4xx_rcu.o(i.rcu_periph_reset_enable)
    rcu_pllsai_config                        0x08003e89   Thumb Code    68  gd32f4xx_rcu.o(i.rcu_pllsai_config)
    rcu_tli_clock_div_config                 0x08003ed1   Thumb Code    18  gd32f4xx_rcu.o(i.rcu_tli_clock_div_config)
    syscfg_exti_line_config                  0x08003ee9   Thumb Code   166  gd32f4xx_syscfg.o(i.syscfg_exti_line_config)
    systick_config                           0x08004099   Thumb Code    74  systick.o(i.systick_config)
    tli_dither_config                        0x080040e9   Thumb Code    32  gd32f4xx_tli.o(i.tli_dither_config)
    tli_enable                               0x0800410d   Thumb Code    14  gd32f4xx_tli.o(i.tli_enable)
    tli_init                                 0x08004121   Thumb Code   184  gd32f4xx_tli.o(i.tli_init)
    tli_layer_disable                        0x080041dd   Thumb Code    14  gd32f4xx_tli.o(i.tli_layer_disable)
    tli_layer_enable                         0x080041eb   Thumb Code    14  gd32f4xx_tli.o(i.tli_layer_enable)
    tli_layer_init                           0x080041f9   Thumb Code   152  gd32f4xx_tli.o(i.tli_layer_init)
    tli_layer_struct_para_init               0x08004291   Thumb Code    48  gd32f4xx_tli.o(i.tli_layer_struct_para_init)
    tli_reload_config                        0x080042c1   Thumb Code    30  gd32f4xx_tli.o(i.tli_reload_config)
    tli_struct_para_init                     0x080042e5   Thumb Code    34  gd32f4xx_tli.o(i.tli_struct_para_init)
    usart_baudrate_set                       0x08004309   Thumb Code   224  gd32f4xx_usart.o(i.usart_baudrate_set)
    usart_data_receive                       0x080043f1   Thumb Code    10  gd32f4xx_usart.o(i.usart_data_receive)
    usart_data_transmit                      0x080043fb   Thumb Code     8  gd32f4xx_usart.o(i.usart_data_transmit)
    usart_deinit                             0x08004405   Thumb Code   210  gd32f4xx_usart.o(i.usart_deinit)
    usart_enable                             0x080044e1   Thumb Code    10  gd32f4xx_usart.o(i.usart_enable)
    usart_flag_get                           0x080044eb   Thumb Code    30  gd32f4xx_usart.o(i.usart_flag_get)
    usart_interrupt_enable                   0x08004509   Thumb Code    26  gd32f4xx_usart.o(i.usart_interrupt_enable)
    usart_interrupt_flag_get                 0x08004523   Thumb Code    56  gd32f4xx_usart.o(i.usart_interrupt_flag_get)
    usart_parity_config                      0x0800455b   Thumb Code    16  gd32f4xx_usart.o(i.usart_parity_config)
    usart_receive_config                     0x0800456b   Thumb Code    16  gd32f4xx_usart.o(i.usart_receive_config)
    usart_send_data                          0x0800457d   Thumb Code    28  driver_debug.o(i.usart_send_data)
    usart_stop_bit_set                       0x0800459d   Thumb Code    16  gd32f4xx_usart.o(i.usart_stop_bit_set)
    usart_transmit_config                    0x080045ad   Thumb Code    16  gd32f4xx_usart.o(i.usart_transmit_config)
    usart_word_length_set                    0x080045bd   Thumb Code    16  gd32f4xx_usart.o(i.usart_word_length_set)
    asc2_1206                                0x080045cc   Data        1140  lcd.o(.constdata)
    asc2_1608                                0x08004a40   Data        1520  lcd.o(.constdata)
    asc2_2412                                0x08005030   Data        3420  lcd.o(.constdata)
    GT1151_CFG_TBL                           0x08005d8c   Data         239  touch.o(.constdata)
    GT1151_TPX_TBL                           0x08005e7c   Data          10  touch.o(.constdata)
    Region$$Table$$Base                      0x08005e88   Number         0  anon$$obj.o(Region$$Table)
    Region$$Table$$Limit                     0x08005ea8   Number         0  anon$$obj.o(Region$$Table)
    POINT                                    0x20000000   Data          10  main.o(.data)
    BACK                                     0x2000000a   Data          10  main.o(.data)
    SystemCoreClock                          0x20000018   Data           4  system_gd32f4xx.o(.data)
    POINT_COLOR                              0x2000001c   Data           2  lcd.o(.data)
    BACK_COLOR                               0x2000001e   Data           2  lcd.o(.data)
    ltdc_framebuf                            0x20000020   Data           8  lcd.o(.data)
    recv_length                              0x2000002a   Data           2  driver_debug.o(.data)
    recv_complete_flag                       0x2000002c   Data           1  driver_debug.o(.data)
    __stdout                                 0x20000030   Data           4  stdout.o(.data)
    tli_clk                                  0x20000034   Data          16  lcd.o(.bss)
    tp_dev                                   0x20000044   Data          40  touch.o(.bss)
    Cfg_Info1                                0x2000006c   Data         239  touch.o(.bss)
    recv_buff                                0x2000015b   Data        4096  driver_debug.o(.bss)
    __initial_sp                             0x20001560   Data           0  startup_gd32f450_470.o(STACK)
    ltdc_lcd_framebuf0                       0xc0000000   Data       768000  lcd.o(.ARM.__AT_0xC0000000)
    ltdc_lcd_framebuf1                       0xc00bb800   Data       768000  lcd.o(.ARM.__AT_0xC00BB800)



==============================================================================

Memory Map of the image

  Image Entry point : 0x080001ad

  Load Region LR_IROM1 (Base: 0x08000000, Size: 0x00005edc, Max: 0x00100000, ABSOLUTE)

    Execution Region ER_IROM1 (Exec base: 0x08000000, Load base: 0x08000000, Size: 0x00005ea8, Max: 0x00100000, ABSOLUTE)

    Exec Addr    Load Addr    Size         Type   Attr      Idx    E Section Name        Object

    0x08000000   0x08000000   0x000001ac   Data   RO         3440    RESET               startup_gd32f450_470.o
    0x080001ac   0x080001ac   0x00000000   Code   RO         3895  * .ARM.Collect$$$$00000000  mc_w.l(entry.o)
    0x080001ac   0x080001ac   0x00000004   Code   RO         4161    .ARM.Collect$$$$00000001  mc_w.l(entry2.o)
    0x080001b0   0x080001b0   0x00000004   Code   RO         4164    .ARM.Collect$$$$00000004  mc_w.l(entry5.o)
    0x080001b4   0x080001b4   0x00000000   Code   RO         4166    .ARM.Collect$$$$00000008  mc_w.l(entry7b.o)
    0x080001b4   0x080001b4   0x00000000   Code   RO         4168    .ARM.Collect$$$$0000000A  mc_w.l(entry8b.o)
    0x080001b4   0x080001b4   0x00000008   Code   RO         4169    .ARM.Collect$$$$0000000B  mc_w.l(entry9a.o)
    0x080001bc   0x080001bc   0x00000004   Code   RO         4176    .ARM.Collect$$$$0000000E  mc_w.l(entry12b.o)
    0x080001c0   0x080001c0   0x00000000   Code   RO         4171    .ARM.Collect$$$$0000000F  mc_w.l(entry10a.o)
    0x080001c0   0x080001c0   0x00000000   Code   RO         4173    .ARM.Collect$$$$00000011  mc_w.l(entry11a.o)
    0x080001c0   0x080001c0   0x00000004   Code   RO         4162    .ARM.Collect$$$$00002712  mc_w.l(entry2.o)
    0x080001c4   0x080001c4   0x00000024   Code   RO         3441    .text               startup_gd32f450_470.o
    0x080001e8   0x080001e8   0x0000001c   Code   RO         3898    .text               mc_w.l(strcmp.o)
    0x08000204   0x08000204   0x00000062   Code   RO         4180    .text               mc_w.l(uldiv.o)
    0x08000266   0x08000266   0x00000002   PAD
    0x08000268   0x08000268   0x00000024   Code   RO         4193    .text               mc_w.l(init.o)
    0x0800028c   0x0800028c   0x0000001e   Code   RO         4195    .text               mc_w.l(llshl.o)
    0x080002aa   0x080002aa   0x00000020   Code   RO         4197    .text               mc_w.l(llushr.o)
    0x080002ca   0x080002ca   0x00000004   Code   RO            3    i.BusFault_Handler  gd32f4xx_it.o
    0x080002ce   0x080002ce   0x0000000a   Code   RO         3594    i.CT_Delay          touch.o
    0x080002d8   0x080002d8   0x00000040   Code   RO         3595    i.CT_IIC_Ack        touch.o
    0x08000318   0x08000318   0x00000048   Code   RO         3596    i.CT_IIC_Init       touch.o
    0x08000360   0x08000360   0x00000040   Code   RO         3597    i.CT_IIC_NAck       touch.o
    0x080003a0   0x080003a0   0x00000060   Code   RO         3598    i.CT_IIC_Read_Byte  touch.o
    0x08000400   0x08000400   0x00000060   Code   RO         3599    i.CT_IIC_Send_Byte  touch.o
    0x08000460   0x08000460   0x00000040   Code   RO         3600    i.CT_IIC_Start      touch.o
    0x080004a0   0x080004a0   0x00000038   Code   RO         3601    i.CT_IIC_Stop       touch.o
    0x080004d8   0x080004d8   0x00000058   Code   RO         3602    i.CT_IIC_Wait_Ack   touch.o
    0x08000530   0x08000530   0x00000020   Code   RO         3871    i.DMA1_Channel2_IRQHandler  driver_dma.o
    0x08000550   0x08000550   0x00000002   Code   RO            4    i.DebugMon_Handler  gd32f4xx_it.o
    0x08000552   0x08000552   0x00000002   PAD
    0x08000554   0x08000554   0x000000d0   Code   RO         3817    i.Debug_Init        driver_debug.o
    0x08000624   0x08000624   0x00000060   Code   RO         3785    i.EXTI0_IRQHandler  key.o
    0x08000684   0x08000684   0x0000011c   Code   RO         3603    i.GT1151_Init       touch.o
    0x080007a0   0x080007a0   0x00000062   Code   RO         3604    i.GT1151_RD_Reg     touch.o
    0x08000802   0x08000802   0x00000002   PAD
    0x08000804   0x08000804   0x0000023c   Code   RO         3605    i.GT1151_Scan       touch.o
    0x08000a40   0x08000a40   0x0000005c   Code   RO         3607    i.GT1151_WR_Reg     touch.o
    0x08000a9c   0x08000a9c   0x00000004   Code   RO            5    i.HardFault_Handler  gd32f4xx_it.o
    0x08000aa0   0x08000aa0   0x0000004c   Code   RO         3786    i.KEY_Init          key.o
    0x08000aec   0x08000aec   0x0000002c   Code   RO         3447    i.LCD_Clear         lcd.o
    0x08000b18   0x08000b18   0x00000088   Code   RO         3448    i.LCD_Init          lcd.o
    0x08000ba0   0x08000ba0   0x00000128   Code   RO         3449    i.LCD_ShowChar      lcd.o
    0x08000cc8   0x08000cc8   0x0000006c   Code   RO         3450    i.LCD_ShowString    lcd.o
    0x08000d34   0x08000d34   0x000000b4   Code   RO         3725    i.LED_Init          led.o
    0x08000de8   0x08000de8   0x0000001c   Code   RO         3451    i.LTDC_Draw_Point   lcd.o
    0x08000e04   0x08000e04   0x00000004   Code   RO            6    i.MemManage_Handler  gd32f4xx_it.o
    0x08000e08   0x08000e08   0x00000002   Code   RO            7    i.NMI_Handler       gd32f4xx_it.o
    0x08000e0a   0x08000e0a   0x00000002   PAD
    0x08000e0c   0x08000e0c   0x0000163c   Code   RO         3452    i.NT35510_Init      lcd.o
    0x08002448   0x08002448   0x00000028   Code   RO          247    i.NVIC_SetPriority  systick.o
    0x08002470   0x08002470   0x00000002   Code   RO            8    i.PendSV_Handler    gd32f4xx_it.o
    0x08002472   0x08002472   0x00000002   Code   RO            9    i.SVC_Handler       gd32f4xx_it.o
    0x08002474   0x08002474   0x00000008   Code   RO           10    i.SysTick_Handler   gd32f4xx_it.o
    0x0800247c   0x0800247c   0x000000c8   Code   RO         3399    i.SystemInit        system_gd32f4xx.o
    0x08002544   0x08002544   0x00000418   Code   RO         3453    i.TLI_ConfigParam   lcd.o
    0x0800295c   0x0800295c   0x00000064   Code   RO         3818    i.USART0_IRQHandler  driver_debug.o
    0x080029c0   0x080029c0   0x00000004   Code   RO           11    i.UsageFault_Handler  gd32f4xx_it.o
    0x080029c4   0x080029c4   0x0000006c   Code   RO         3454    i.Write_3Spi_Byte   lcd.o
    0x08002a30   0x08002a30   0x00000044   Code   RO         3455    i.Write_3Spi_cmd    lcd.o
    0x08002a74   0x08002a74   0x00000038   Code   RO         3456    i.Write_3Spi_data   lcd.o
    0x08002aac   0x08002aac   0x00000020   Code   RO         4107    i.__0printf$8       mc_w.l(printf8.o)
    0x08002acc   0x08002acc   0x0000000e   Code   RO         4205    i.__scatterload_copy  mc_w.l(handlers.o)
    0x08002ada   0x08002ada   0x00000002   Code   RO         4206    i.__scatterload_null  mc_w.l(handlers.o)
    0x08002adc   0x08002adc   0x0000000e   Code   RO         4207    i.__scatterload_zeroinit  mc_w.l(handlers.o)
    0x08002aea   0x08002aea   0x00000002   PAD
    0x08002aec   0x08002aec   0x00000404   Code   RO         4114    i._printf_core      mc_w.l(printf8.o)
    0x08002ef0   0x08002ef0   0x00000024   Code   RO         4115    i._printf_post_padding  mc_w.l(printf8.o)
    0x08002f14   0x08002f14   0x0000002e   Code   RO         4116    i._printf_pre_padding  mc_w.l(printf8.o)
    0x08002f42   0x08002f42   0x00000002   PAD
    0x08002f44   0x08002f44   0x00000080   Code   RO         3608    i.check_sum         touch.o
    0x08002fc4   0x08002fc4   0x00000014   Code   RO          248    i.delay_1ms         systick.o
    0x08002fd8   0x08002fd8   0x0000001a   Code   RO         3609    i.delay_1us         touch.o
    0x08002ff2   0x08002ff2   0x00000002   PAD
    0x08002ff4   0x08002ff4   0x00000018   Code   RO          249    i.delay_decrement   systick.o
    0x0800300c   0x0800300c   0x0000003e   Code   RO         3136    i.dma_interrupt_flag_clear  gd32f4xx_dma.o
    0x0800304a   0x0800304a   0x00000204   Code   RO         3137    i.dma_interrupt_flag_get  gd32f4xx_dma.o
    0x0800324e   0x0800324e   0x00000002   PAD
    0x08003250   0x08003250   0x00000034   Code   RO         2672    i.exmc_flag_get     gd32f4xx_exmc.o
    0x08003284   0x08003284   0x0000001c   Code   RO         2697    i.exmc_sdram_command_config  gd32f4xx_exmc.o
    0x080032a0   0x080032a0   0x00000118   Code   RO         2699    i.exmc_sdram_init   gd32f4xx_exmc.o
    0x080033b8   0x080033b8   0x00000024   Code   RO         2702    i.exmc_sdram_refresh_count_set  gd32f4xx_exmc.o
    0x080033dc   0x080033dc   0x00000264   Code   RO         3543    i.exmc_synchronous_dynamic_ram_init  exmc_sdram.o
    0x08003640   0x08003640   0x000000bc   Code   RO         2265    i.exti_init         gd32f4xx_exti.o
    0x080036fc   0x080036fc   0x00000010   Code   RO         2267    i.exti_interrupt_enable  gd32f4xx_exti.o
    0x0800370c   0x0800370c   0x0000000c   Code   RO         2268    i.exti_interrupt_flag_clear  gd32f4xx_exti.o
    0x08003718   0x08003718   0x00000024   Code   RO         2269    i.exti_interrupt_flag_get  gd32f4xx_exti.o
    0x0800373c   0x0800373c   0x00000010   Code   RO         3819    i.fputc             driver_debug.o
    0x0800374c   0x0800374c   0x0000005e   Code   RO          290    i.gpio_af_set       gd32f4xx_gpio.o
    0x080037aa   0x080037aa   0x00000004   Code   RO          291    i.gpio_bit_reset    gd32f4xx_gpio.o
    0x080037ae   0x080037ae   0x00000004   Code   RO          292    i.gpio_bit_set      gd32f4xx_gpio.o
    0x080037b2   0x080037b2   0x00000004   Code   RO          293    i.gpio_bit_toggle   gd32f4xx_gpio.o
    0x080037b6   0x080037b6   0x0000000a   Code   RO          294    i.gpio_bit_write    gd32f4xx_gpio.o
    0x080037c0   0x080037c0   0x00000010   Code   RO          296    i.gpio_input_bit_get  gd32f4xx_gpio.o
    0x080037d0   0x080037d0   0x0000004e   Code   RO          298    i.gpio_mode_set     gd32f4xx_gpio.o
    0x0800381e   0x0800381e   0x00000042   Code   RO          300    i.gpio_output_options_set  gd32f4xx_gpio.o
    0x08003860   0x08003860   0x0000001a   Code   RO         3457    i.mDelayuS          lcd.o
    0x0800387a   0x0800387a   0x00000002   PAD
    0x0800387c   0x0800387c   0x00000200   Code   RO          199    i.main              main.o
    0x08003a7c   0x08003a7c   0x000000c4   Code   RO         2403    i.nvic_irq_enable   gd32f4xx_misc.o
    0x08003b40   0x08003b40   0x00000014   Code   RO         2404    i.nvic_priority_group_set  gd32f4xx_misc.o
    0x08003b54   0x08003b54   0x00000124   Code   RO          403    i.rcu_clock_freq_get  gd32f4xx_rcu.o
    0x08003c78   0x08003c78   0x00000024   Code   RO          406    i.rcu_flag_get      gd32f4xx_rcu.o
    0x08003c9c   0x08003c9c   0x00000024   Code   RO          419    i.rcu_osci_on       gd32f4xx_rcu.o
    0x08003cc0   0x08003cc0   0x0000015c   Code   RO          420    i.rcu_osci_stab_wait  gd32f4xx_rcu.o
    0x08003e1c   0x08003e1c   0x00000024   Code   RO          422    i.rcu_periph_clock_enable  gd32f4xx_rcu.o
    0x08003e40   0x08003e40   0x00000024   Code   RO          425    i.rcu_periph_reset_disable  gd32f4xx_rcu.o
    0x08003e64   0x08003e64   0x00000024   Code   RO          426    i.rcu_periph_reset_enable  gd32f4xx_rcu.o
    0x08003e88   0x08003e88   0x00000048   Code   RO          430    i.rcu_pllsai_config  gd32f4xx_rcu.o
    0x08003ed0   0x08003ed0   0x00000018   Code   RO          439    i.rcu_tli_clock_div_config  gd32f4xx_rcu.o
    0x08003ee8   0x08003ee8   0x000000ac   Code   RO         3341    i.syscfg_exti_line_config  gd32f4xx_syscfg.o
    0x08003f94   0x08003f94   0x000000fc   Code   RO         3400    i.system_clock_200m_25m_hxtal  system_gd32f4xx.o
    0x08004090   0x08004090   0x00000008   Code   RO         3401    i.system_clock_config  system_gd32f4xx.o
    0x08004098   0x08004098   0x00000050   Code   RO          250    i.systick_config    systick.o
    0x080040e8   0x080040e8   0x00000024   Code   RO         2960    i.tli_dither_config  gd32f4xx_tli.o
    0x0800410c   0x0800410c   0x00000014   Code   RO         2961    i.tli_enable        gd32f4xx_tli.o
    0x08004120   0x08004120   0x000000bc   Code   RO         2963    i.tli_init          gd32f4xx_tli.o
    0x080041dc   0x080041dc   0x0000000e   Code   RO         2968    i.tli_layer_disable  gd32f4xx_tli.o
    0x080041ea   0x080041ea   0x0000000e   Code   RO         2969    i.tli_layer_enable  gd32f4xx_tli.o
    0x080041f8   0x080041f8   0x00000098   Code   RO         2970    i.tli_layer_init    gd32f4xx_tli.o
    0x08004290   0x08004290   0x00000030   Code   RO         2971    i.tli_layer_struct_para_init  gd32f4xx_tli.o
    0x080042c0   0x080042c0   0x00000024   Code   RO         2978    i.tli_reload_config  gd32f4xx_tli.o
    0x080042e4   0x080042e4   0x00000022   Code   RO         2979    i.tli_struct_para_init  gd32f4xx_tli.o
    0x08004306   0x08004306   0x00000002   PAD
    0x08004308   0x08004308   0x000000e8   Code   RO          691    i.usart_baudrate_set  gd32f4xx_usart.o
    0x080043f0   0x080043f0   0x0000000a   Code   RO          695    i.usart_data_receive  gd32f4xx_usart.o
    0x080043fa   0x080043fa   0x00000008   Code   RO          696    i.usart_data_transmit  gd32f4xx_usart.o
    0x08004402   0x08004402   0x00000002   PAD
    0x08004404   0x08004404   0x000000dc   Code   RO          697    i.usart_deinit      gd32f4xx_usart.o
    0x080044e0   0x080044e0   0x0000000a   Code   RO          701    i.usart_enable      gd32f4xx_usart.o
    0x080044ea   0x080044ea   0x0000001e   Code   RO          703    i.usart_flag_get    gd32f4xx_usart.o
    0x08004508   0x08004508   0x0000001a   Code   RO          711    i.usart_interrupt_enable  gd32f4xx_usart.o
    0x08004522   0x08004522   0x00000038   Code   RO          713    i.usart_interrupt_flag_get  gd32f4xx_usart.o
    0x0800455a   0x0800455a   0x00000010   Code   RO          726    i.usart_parity_config  gd32f4xx_usart.o
    0x0800456a   0x0800456a   0x00000010   Code   RO          728    i.usart_receive_config  gd32f4xx_usart.o
    0x0800457a   0x0800457a   0x00000002   PAD
    0x0800457c   0x0800457c   0x00000020   Code   RO         3820    i.usart_send_data   driver_debug.o
    0x0800459c   0x0800459c   0x00000010   Code   RO          739    i.usart_stop_bit_set  gd32f4xx_usart.o
    0x080045ac   0x080045ac   0x00000010   Code   RO          743    i.usart_transmit_config  gd32f4xx_usart.o
    0x080045bc   0x080045bc   0x00000010   Code   RO          744    i.usart_word_length_set  gd32f4xx_usart.o
    0x080045cc   0x080045cc   0x000017c0   Data   RO         3461    .constdata          lcd.o
    0x08005d8c   0x08005d8c   0x000000fa   Data   RO         3611    .constdata          touch.o
    0x08005e86   0x08005e86   0x00000002   PAD
    0x08005e88   0x08005e88   0x00000020   Data   RO         4203    Region$$Table       anon$$obj.o


    Execution Region RW_IRAM1 (Exec base: 0x20000000, Load base: 0x08005ea8, Size: 0x00001560, Max: 0x00030000, ABSOLUTE)

    Exec Addr    Load Addr    Size         Type   Attr      Idx    E Section Name        Object

    0x20000000   0x08005ea8   0x00000014   Data   RW          200    .data               main.o
    0x20000014   0x08005ebc   0x00000004   Data   RW          251    .data               systick.o
    0x20000018   0x08005ec0   0x00000004   Data   RW         3402    .data               system_gd32f4xx.o
    0x2000001c   0x08005ec4   0x0000000c   Data   RW         3462    .data               lcd.o
    0x20000028   0x08005ed0   0x00000001   Data   RW         3612    .data               touch.o
    0x20000029   0x08005ed1   0x00000001   PAD
    0x2000002a   0x08005ed2   0x00000003   Data   RW         3823    .data               driver_debug.o
    0x2000002d   0x08005ed5   0x00000003   PAD
    0x20000030   0x08005ed8   0x00000004   Data   RW         4177    .data               mc_w.l(stdout.o)
    0x20000034        -       0x00000010   Zero   RW         3460    .bss                lcd.o
    0x20000044        -       0x00000117   Zero   RW         3610    .bss                touch.o
    0x2000015b        -       0x00001000   Zero   RW         3822    .bss                driver_debug.o
    0x2000115b   0x08005edc   0x00000005   PAD
    0x20001160        -       0x00000400   Zero   RW         3438    STACK               startup_gd32f450_470.o



  Load Region LR$$.ARM.__AT_0xC0000000 (Base: 0xc0000000, Size: 0x00000000, Max: 0x000bb800, ABSOLUTE)

    Execution Region ER$$.ARM.__AT_0xC0000000 (Exec base: 0xc0000000, Load base: 0xc0000000, Size: 0x000bb800, Max: 0x000bb800, ABSOLUTE, UNINIT)

    Exec Addr    Load Addr    Size         Type   Attr      Idx    E Section Name        Object

    0xc0000000        -       0x000bb800   Zero   RW         3458    .ARM.__AT_0xC0000000  lcd.o



  Load Region LR$$.ARM.__AT_0xC00BB800 (Base: 0xc00bb800, Size: 0x00000000, Max: 0x000bb800, ABSOLUTE)

    Execution Region ER$$.ARM.__AT_0xC00BB800 (Exec base: 0xc00bb800, Load base: 0xc00bb800, Size: 0x000bb800, Max: 0x000bb800, ABSOLUTE, UNINIT)

    Exec Addr    Load Addr    Size         Type   Attr      Idx    E Section Name        Object

    0xc00bb800        -       0x000bb800   Zero   RW         3459    .ARM.__AT_0xC00BB800  lcd.o


==============================================================================

Image component sizes


      Code (inc. data)   RO Data    RW Data    ZI Data      Debug   Object Name

       356         38          0          3       4096       3070   driver_debug.o
        32          4          0          0          0        531   driver_dma.o
       612         22          0          0          0       1340   exmc_sdram.o
       578          0          0          0          0       1780   gd32f4xx_dma.o
       396         26          0          0          0       5781   gd32f4xx_exmc.o
       252         18          0          0          0       2702   gd32f4xx_exti.o
       276          0          0          0          0       5740   gd32f4xx_gpio.o
        32          0          0          0          0      92466   gd32f4xx_it.o
       216         20          0          0          0       1512   gd32f4xx_misc.o
       916         64          0          0          0       7269   gd32f4xx_rcu.o
       172          6          0          0          0        798   gd32f4xx_syscfg.o
       542         20          0          0          0       5924   gd32f4xx_tli.o
       672         18          0          0          0       9009   gd32f4xx_usart.o
       172         46          0          0          0       1010   key.o
      7610        240       6080         12    1536016      12629   lcd.o
       180         16          0          0          0        527   led.o
       512        102          0         20          0       2768   main.o
        36          8        428          0       1024        896   startup_gd32f450_470.o
       460         28          0          4          0       2783   system_gd32f4xx.o
       164         24          0          4          0      28950   systick.o
      1810        204        250          1        279      11882   touch.o

    ----------------------------------------------------------------------
     16014        904       6792         48    1541420     199367   Object Totals
         0          0         32          0          0          0   (incl. Generated)
        18          0          2          4          5          0   (incl. Padding)

    ----------------------------------------------------------------------

      Code (inc. data)   RO Data    RW Data    ZI Data      Debug   Library Member Name

         0          0          0          0          0          0   entry.o
         0          0          0          0          0          0   entry10a.o
         0          0          0          0          0          0   entry11a.o
         4          0          0          0          0          0   entry12b.o
         8          4          0          0          0          0   entry2.o
         4          0          0          0          0          0   entry5.o
         0          0          0          0          0          0   entry7b.o
         0          0          0          0          0          0   entry8b.o
         8          4          0          0          0          0   entry9a.o
        30          0          0          0          0          0   handlers.o
        36          8          0          0          0         68   init.o
        30          0          0          0          0         68   llshl.o
        32          0          0          0          0         68   llushr.o
      1142         54          0          0          0        352   printf8.o
         0          0          0          4          0          0   stdout.o
        28          0          0          0          0         76   strcmp.o
        98          0          0          0          0         92   uldiv.o

    ----------------------------------------------------------------------
      1426         70          0          4          0        724   Library Totals
         6          0          0          0          0          0   (incl. Padding)

    ----------------------------------------------------------------------

      Code (inc. data)   RO Data    RW Data    ZI Data      Debug   Library Name

      1420         70          0          4          0        724   mc_w.l

    ----------------------------------------------------------------------
      1426         70          0          4          0        724   Library Totals

    ----------------------------------------------------------------------

==============================================================================


      Code (inc. data)   RO Data    RW Data    ZI Data      Debug   

     17440        974       6792         52    1541420     190083   Grand Totals
     17440        974       6792         52    1541420     190083   ELF Image Totals
     17440        974       6792         52          0          0   ROM Totals

==============================================================================

    Total RO  Size (Code + RO Data)                24232 (  23.66kB)
    Total RW  Size (RW Data + ZI Data)           1541472 (1505.34kB)
    Total ROM Size (Code + RO Data + RW Data)      24284 (  23.71kB)

==============================================================================

