<html>
<body>
<pre>
<h1>µVision Build Log</h1>
<h2>Tool Versions:</h2>
IDE-Version: ¦ÌVision V5.33.0.0
Copyright (C) 2020 ARM Ltd and ARM Germany GmbH. All rights reserved.
License Information: 1 23, 4, LIC=8VRJ7-ETPVA-Z9PG9-4Y69Z-FP81T-06Z3I
 
Tool Versions:
Toolchain:       MDK-ARM Plus  Version: 5.33.0.0
Toolchain Path:  E:\Keil_v5\ARM\ARMCC\Bin
C Compiler:      Armcc.exe V5.06 update 7 (build 960)
Assembler:       Armasm.exe V5.06 update 7 (build 960)
Linker/Locator:  ArmLink.exe V5.06 update 7 (build 960)
Library Manager: ArmAr.exe V5.06 update 7 (build 960)
Hex Converter:   FromElf.exe V5.06 update 7 (build 960)
CPU DLL:         SARMCM3.DLL V5.33.0.0
Dialog DLL:      DCM.DLL V1.17.3.0
Target DLL:      CMSIS_AGDI.dll V1.32.12.0
Dialog DLL:      TCM.DLL V1.48.0.0
 
<h2>Project:</h2>
C:\Users\BAI\Desktop\win\Template\x-track\Project\GD32F470.uvprojx
Project File Date:  04/25/2023

<h2>Output:</h2>
*** Using Compiler 'V5.06 update 7 (build 960)', folder: 'E:\Keil_v5\ARM\ARMCC\Bin'
Build target 'Target 1'
compiling main.c...
..\Hardware\DEBUG\driver_debug.h(38): warning:  #1-D: last line of file ends without a newline
  #endif
..\Hardware\LED\led.h(30): warning:  #1295-D: Deprecated declaration LED1_ON - give arg types
  void LED1_ON();
..\Hardware\LED\led.h(31): warning:  #1295-D: Deprecated declaration LED1_OFF - give arg types
  void LED1_OFF();
..\Hardware\LED\led.h(32): warning:  #1295-D: Deprecated declaration LED2_ON - give arg types
  void LED2_ON();
..\Hardware\LED\led.h(33): warning:  #1295-D: Deprecated declaration LED2_OFF - give arg types
  void LED2_OFF();
..\Hardware\LED\led.h(34): warning:  #1295-D: Deprecated declaration LED3_ON - give arg types
  void LED3_ON();
..\Hardware\LED\led.h(35): warning:  #1295-D: Deprecated declaration LED3_OFF - give arg types
  void LED3_OFF();
..\Hardware\LED\led.h(36): warning:  #1295-D: Deprecated declaration LED4_ON - give arg types
  void LED4_ON();
..\Hardware\LED\led.h(37): warning:  #1295-D: Deprecated declaration LED4_OFF - give arg types
  void LED4_OFF();
..\User\main.c(26): warning:  #550-D: variable "i"  was set but never used
      uint16_t i,j;
..\User\main.c(26): warning:  #177-D: variable "j"  was declared but never referenced
      uint16_t i,j;
..\User\main.c: 11 warnings, 0 errors
linking...
Program Size: Code=17440 RO-data=6792 RW-data=52 ZI-data=1541420  
FromELF: creating hex file...
".\Objects\GD32F450.axf" - 0 Error(s), 11 Warning(s).

<h2>Software Packages used:</h2>

Package Vendor: GigaDevice
                https://gd32mcu.com/data/documents/pack/GigaDevice.GD32F4xx_DFP.3.0.4.pack
                GigaDevice.GD32F4xx_DFP.3.0.4
                GigaDevice GD32F4xx Series Device Support and Examples

<h2>Collection of Component include folders:</h2>
  E:\Keil_v5\Packs\GigaDevice\GD32F4xx_DFP\3.0.4\Device\F4XX\Include

<h2>Collection of Component Files used:</h2>
Build Time Elapsed:  00:00:01
</pre>
</body>
</html>
